Archive member included because of file (symbol)

AppLayer.a(main.o)            cstart.o (main)
AppLayer.a(wdog.o)            AppLayer.a(main.o) (K_B_InitWdog)
AppLayer.a(mcu_init.o)        cstart.o (K_V_InitMcu)
AppLayer.a(system.o)          AppLayer.a(wdog.o) (K_V_Disable_int)
AppLayer.a(unitinfo.o)        AppLayer.a(main.o) (K_V_KernelHWInfoUpdate)
AppLayer.a(Memory.o)          AppLayer.a(unitinfo.o) (KC_V_CpyMem)
AppLayer.a(checksum.o)        AppLayer.a(unitinfo.o) (KC_U16_CalcChecksum)
AppLayer.a(RTOS_Chibios.o)    AppLayer.a(main.o) (OS_U16_GetStackLoadPercent)
AppLayer.a(EEPROMdrv.o)       AppLayer.a(main.o) (K_V_InitSpiEprom)
AppLayer.a(InfoBlocks.o)      KILLSWITCH.OBJ (_AppId1)
AppLayer.a(chcore_v7m.o)      AppLayer.a(RTOS_Chibios.o) (SVCallVector)
AppLayer.a(nvic.o)            AppLayer.a(chcore_v7m.o) (nvicSetSystemHandlerPriority)
AppLayer.a(chsys.o)           AppLayer.a(RTOS_Chibios.o) (chSysInit)
AppLayer.a(chvt.o)            AppLayer.a(chsys.o) (_vt_init)
AppLayer.a(chschd.o)          AppLayer.a(chcore_v7m.o) (rlist)
AppLayer.a(chthreads.o)       AppLayer.a(chsys.o) (_thread_init)
AppLayer.a(chregistry.o)      AppLayer.a(chsys.o) (ch_debug)
AppLayer.a(chsem.o)           AppLayer.a(RTOS_Chibios.o) (chSemInit)
AppLayer.a(chmtx.o)           AppLayer.a(RTOS_Chibios.o) (chMtxInit)
AppLayer.a(chevents.o)        AppLayer.a(RTOS_Chibios.o) (chEvtRegisterMask)
AppLayer.a(chmboxes.o)        AppLayer.a(RTOS_Chibios.o) (chMBInit)
AppLayer.a(chqueues.o)        AppLayer.a(RTOS_Chibios.o) (chIQPutI)
AppLayer.a(chmemcore.o)       AppLayer.a(chsys.o) (_core_init)
AppLayer.a(chheap.o)          AppLayer.a(chsys.o) (_heap_init)
AppLayer.a(chdynamic.o)       AppLayer.a(chthreads.o) (chThdRelease)
AppLayer.a(LG_config_MC050_110.o)
                              AppLayer.a(mcu_init.o) (ECU_V_InitExtMemBus)
AppLayer.a(datacontainer.o)   AppLayer.a(chsys.o) (idle)
AppLayer.a(task.o)            AppLayer.a(main.o) (ECU_U16_InitApplicationLayer)
AppLayer.a(DriverConfig.o)    AppLayer.a(task.o) (ECU_V_AdcMultiPlexADC1)
AppLayer.a(interface.o)       AppLayer.a(task.o) (g_KpSA_MFOUT_MC_Ptr)
AppLayer.a(CalcProgramCrc.o)  AppLayer.a(datacontainer.o) (AC_V_CalcProgramCrc)
AppLayer.a(EEUSER.o)          AppLayer.a(task.o) (AC_B_UserStorageInProgress)
AppLayer.a(Dio.o)             AppLayer.a(EEPROMdrv.o) (AC_V_DioWriteChannel)
AppLayer.a(MM_Dio.o)          AppLayer.a(Dio.o) (AC_E_MMDioReadChannel)
AppLayer.a(SERIAL_Dio.o)      AppLayer.a(Dio.o) (AC_E_SERIALDioReadChannel)
AppLayer.a(SPI_ChipSelects.o)
                              AppLayer.a(LG_config_MC050_110.o) (AC_V_InitSPI_ChipSelects)
AppLayer.a(CAN.o)             AppLayer.a(task.o) (AC_U32_CANInterfaceGetBaudrate)
AppLayer.a(KWP2kService.o)    AppLayer.a(task.o) (AC_V_PreInitKwp2k)
AppLayer.a(CanSymbol.o)       AppLayer.a(task.o) (AC_V_ProcessCanRxSymbols)
AppLayer.a(LG_D4.o)           AppLayer.a(task.o) (AC_V_D1InUpdate)
AppLayer.a(LG_DOUT2.o)        AppLayer.a(task.o) (AC_V_DOUT_MC_UpdateOut)
AppLayer.a(LG_DOUT4.o)        AppLayer.a(task.o) (AC_V_DOutPvg_MC_UpdateIn)
AppLayer.a(LG_DA3.o)          AppLayer.a(task.o) (AC_V_DAIn_MC_Update)
AppLayer.a(LG_DAR2.o)         AppLayer.a(task.o) (AC_V_DAInTR_MC_UpdateIn)
AppLayer.a(LG_DA1.o)          AppLayer.a(task.o) (AC_V_MFInDA_MC_Init)
AppLayer.a(LG_DAF1.o)         AppLayer.a(task.o) (AC_V_MFInDAF_MC_Init)
AppLayer.a(LG_PWM2.o)         AppLayer.a(task.o) (AC_V_MFOut_MC_UpdateIn)
AppLayer.a(LG_VLDP.o)         AppLayer.a(task.o) (AC_V_VLDP_MC_Update)
AppLayer.a(LED1.o)            AppLayer.a(task.o) (AC_V_StdLedUpdate)
AppLayer.a(LG_5V_SNSR_PWR.o)  AppLayer.a(task.o) (AC_V_5VSensorPwrInUpdate)
AppLayer.a(LG_INT_PWR.o)      AppLayer.a(task.o) (AC_V_LG_IntPwr_Update)
AppLayer.a(NVAPI.o)           AppLayer.a(EEUSER.o) (KC_B_NVAPI_IsPending)
AppLayer.a(CtrMaier.o)        AppLayer.a(LG_DAF1.o) (KC_S32_MaiersFilterControl)
AppLayer.a(MCAL_Dio.o)        AppLayer.a(Dio.o) (K_E_McalDioReadChannel)
AppLayer.a(adcComplex.o)      AppLayer.a(task.o) (K_V_AdcComplexPreInit)
AppLayer.a(vector.o)          AppLayer.a(main.o) (K_V_InitVectTable)
AppLayer.a(CanSTM32f2xx.o)    AppLayer.a(CAN.o) (g_S_CanSTM32f2xxDriver)
AppLayer.a(CurrentDriver.o)   AppLayer.a(DriverConfig.o) (K_V_BattAvgCallback)
AppLayer.a(iDriveInterface.o)
                              AppLayer.a(LG_PWM2.o) (K_U16_SetPWM_Frequency)
AppLayer.a(History.o)         AppLayer.a(task.o) (KC_U16_InitHistory)
AppLayer.a(SerialDriver.o)    AppLayer.a(CAN.o) (KC_E_InitSerialDriver)
AppLayer.a(SPI.o)             AppLayer.a(EEPROMdrv.o) (K_U8_WriteByteSPI)
AppLayer.a(CanData.o)         AppLayer.a(CanSymbol.o) (KC_V_SetCanID)
AppLayer.a(Streams.o)         AppLayer.a(CAN.o) (KC_V_InitStreamWriter)
AppLayer.a(Socket.o)          AppLayer.a(CAN.o) (KC_E_SocketInit)
AppLayer.a(BasicCanSocket.o)  AppLayer.a(CAN.o) (KC_KS_BasicCanSocketClass)
AppLayer.a(KWP2kSocket.o)     AppLayer.a(KWP2kService.o) (KC_V_KWP2kProcess)
AppLayer.a(KWP2kApp.o)        AppLayer.a(KWP2kService.o) (KC_V_KWP2kAppInit)
[...]
Memory Configuration

Name             Origin             Length             Attributes
VECTORTABLERAM   0x20000000         0x00000400         xrw
BOOTSHAREDRAM    0x20000400         0x00000040         xrw
SECBOOTSHAREDRAM 0x20000440         0x00000040         xrw
RAM              0x20000480         0x0001f580         xrw
STACK            0x2001fa00         0x00000600         xrw
KRNVECTORTABLEFLASH 0x08004000         0x00000040         xr
KRNVALIDAPPFLASH 0x08004040         0x00000004         xr
KRNCRCTABLEFLASH 0x08004044         0x00000014         xr
RSVDFORSECONDBOOT 0x08004058         0x00000008         xr
KRNFLASH_I       0x08004060         0x00003fa0         xr
KRNFLASH         0x08008000         0x00078000         xr
KRNSERFLASH      0x01000000         0x00010000         xr
SERFLASH         0x01010000         0x003f0000         xr
*default*        0x00000000         0xffffffff

Linker script and memory map

LOAD _TIMEKEY.o
LOAD _NVDATA.o
LOAD diagdata.o
LOAD _DynamicDiagnostic.o
LOAD KILLSWITCH.OBJ
LOAD MC50_110_LG_T_MC50_112T.OBJ
LOAD stubextfunc.o
LOAD stubbootfunc.o
LOAD cstart.o
LOAD HexRangeCrcTables.o
LOAD AppLayer.a
LOAD C:\ProgramData\Danfoss\PLUS1\2024.2\Data\ExtCompiler\ARM\v4.7-2013q2\arm-none-eabi\lib\armv7-m\libm.a
LOAD C:\ProgramData\Danfoss\PLUS1\2024.2\Data\ExtCompiler\ARM\v4.7-2013q2\lib\gcc\arm-none-eabi\4.7.4\armv7-m\libgcc.a
LOAD C:\ProgramData\Danfoss\PLUS1\2024.2\Data\ExtCompiler\ARM\v4.7-2013q2\arm-none-eabi\lib\armv7-m\libg.a
LOAD C:\ProgramData\Danfoss\PLUS1\2024.2\Data\ExtCompiler\ARM\v4.7-2013q2\arm-none-eabi\lib\armv7-m\libc.a
                0x00000400                __main_stack_size__ = 0x400
                0x00000200                __process_stack_size__ = 0x200
                0x00000600                __stacks_total_size__ = (__main_stack_size__ + __process_stack_size__)
                0x20000480                __ram_start__ = ORIGIN (RAM)
                0x0001f580                __ram_size__ = 0x1f580
                0x2001fa00                __ram_end__ = (__ram_start__ + __ram_size__)
                0x2001fc00                __process_stack_start__ = (ORIGIN (STACK) + __process_stack_size__)
                0x20020000                __main_stack_start__ = (ORIGIN (STACK) + __stacks_total_size__)
                0x00000004                _validData_size = 0x4
                0x00000000                . = 0x0

.isr_vector     0x08004000       0x40
                0x08004000                . = ALIGN (0x4)
                0x08004000                __krn_vector_table_start = .
 *(.isr_vector)
 .isr_vector    0x08004000       0x40 cstart.o
                0x08004000                g_pF_Vectors
                0x08004040                . = ALIGN (0x4)
                0x08004040                __krn_vector_table_end = .

.validApp       0x08004040        0x4
                0x08004040                . = ALIGN (0x4)
                0x08004040                _validData = .
 *(.validApp)
 .validApp      0x08004040        0x4 AppLayer.a(datacontainer.o)
                0x08004040                g_KU32A_ValidAppPlaceHolder

.CRCField       0x08004044       0x14
                0x08004044                . = ALIGN (0x4)
                0x08004044                PROVIDE (_CRCSTART, .)
 *(.CRCField)
 .CRCField      0x08004044       0x14 HexRangeCrcTables.o
                0x08004044                g_KU16A_CRCLoc
                0x08004058                . = ALIGN (0x4)

.textKrnl       0x08004060     0x34d0
 *AppLayer.a:vector.o(.text.*)
 .text.K_V_InitVectTable
                0x08004060       0x44 AppLayer.a(vector.o)
                0x08004060                K_V_InitVectTable
 .text.K_V_InitVecCtrl
                0x080040a4        0x4 AppLayer.a(vector.o)
                0x080040a4                K_V_InitVecCtrl
 .text.K_V_VectorHandlerSet
                0x080040a8       0x10 AppLayer.a(vector.o)
                0x080040a8                K_V_VectorHandlerSet
 .text.K_V_VectorEnable
                0x080040b8       0x58 AppLayer.a(vector.o)
                0x080040b8                K_V_VectorEnable
 *AppLayer.a:chmempools.o(.text.*)
 *AppLayer.a:chheap.o(.text.*)
 .text._heap_init
                0x08004110       0x20 AppLayer.a(chheap.o)
                0x08004110                _heap_init
 *AppLayer.a:KWP2kSocket.o(.text.*)
 .text.M_E_KWP2kSocketInit
                0x08004130       0x24 AppLayer.a(KWP2kSocket.o)
 .text.M_E_KWP2kSocketGet
                0x08004154       0x3c AppLayer.a(KWP2kSocket.o)
 .text.M_E_KWP2kSocketWriteToStream
                0x08004190       0x64 AppLayer.a(KWP2kSocket.o)
 .text.KC_V_SetTimeOut
                0x080041f4       0x14 AppLayer.a(KWP2kSocket.o)
                0x080041f4                KC_V_SetTimeOut
 .text.M_E_mKWP2kSocketReadFromStream
                0x08004208      0x230 AppLayer.a(KWP2kSocket.o)
 .text.M_E_KWP2kSocketPut
                0x08004438      0x1b8 AppLayer.a(KWP2kSocket.o)
 .text.KC_B_HasTimedOut
                0x080045f0       0x28 AppLayer.a(KWP2kSocket.o)
                0x080045f0                KC_B_HasTimedOut
 .text.KC_V_KWP2kProcess
                0x08004618      0x1e4 AppLayer.a(KWP2kSocket.o)
                0x08004618                KC_V_KWP2kProcess
 .text.KC_V_KWP2kEnable
                0x080047fc        0x8 AppLayer.a(KWP2kSocket.o)
                0x080047fc                KC_V_KWP2kEnable
 .text.KC_B_KWP2kIsEnabled
                0x08004804        0x8 AppLayer.a(KWP2kSocket.o)
                0x08004804                KC_B_KWP2kIsEnabled
 *AppLayer.a:chcore_v7m.o(.text.*)
 .text._port_switch_from_isr
                0x0800480c        0x8 AppLayer.a(chcore_v7m.o)
                0x0800480c                _port_switch_from_isr
 .text.SVCallVector
                0x08004814       0x14 AppLayer.a(chcore_v7m.o)
                0x08004814                SVCallVector
 .text._port_init
                0x08004828       0x3c AppLayer.a(chcore_v7m.o)
                0x08004828                _port_init
 .text._port_irq_epilogue
                0x08004864       0x70 AppLayer.a(chcore_v7m.o)
                0x08004864                _port_irq_epilogue
 .text.SysTickVector
                0x080048d4       0x1c AppLayer.a(chcore_v7m.o)
                0x080048d4                SysTickVector
 .text._port_switch
                0x080048f0       0x10 AppLayer.a(chcore_v7m.o)
                0x080048f0                _port_switch
 .text._port_thread_start
                0x08004900       0x10 AppLayer.a(chcore_v7m.o)
                0x08004900                _port_thread_start
 *AppLayer.a:chschd.o(.text.*)
 .text.wakeup   0x08004910       0x5c AppLayer.a(chschd.o)
 .text._scheduler_init
                0x0800496c       0x18 AppLayer.a(chschd.o)
                0x0800496c                _scheduler_init
 .text.chSchReadyI
                0x08004984       0x20 AppLayer.a(chschd.o)
                0x08004984                chSchReadyI
 .text.chSchGoSleepS
                0x080049a4       0x28 AppLayer.a(chschd.o)
                0x080049a4                chSchGoSleepS
 .text.chSchGoSleepTimeoutS
                0x080049cc       0x40 AppLayer.a(chschd.o)
                0x080049cc                chSchGoSleepTimeoutS
 .text.chSchWakeupS
                0x08004a0c       0x58 AppLayer.a(chschd.o)
                0x08004a0c                chSchWakeupS
 .text.chSchDoRescheduleBehind
                0x08004a64       0x40 AppLayer.a(chschd.o)
                0x08004a64                chSchDoRescheduleBehind
 .text.chSchDoRescheduleAhead
                0x08004aa4       0x3c AppLayer.a(chschd.o)
                0x08004aa4                chSchDoRescheduleAhead
 .text.chSchRescheduleS
                0x08004ae0       0x18 AppLayer.a(chschd.o)
                0x08004ae0                chSchRescheduleS
 .text.chSchDoReschedule
                0x08004af8       0x14 AppLayer.a(chschd.o)
                0x08004af8                chSchDoReschedule
 *AppLayer.a:EEPROMdrv.o(.text.*)
 .text.M_V_CSOn
                0x08004b0c       0x38 AppLayer.a(EEPROMdrv.o)
 .text.M_V_CSOff
                0x08004b44       0x34 AppLayer.a(EEPROMdrv.o)
 .text.M_U16_ReadEprom
                0x08004b78       0xac AppLayer.a(EEPROMdrv.o)
 .text.M_U16_WriteEprom
                0x08004c24      0x138 AppLayer.a(EEPROMdrv.o)
 .text.K_V_InitSpiEprom
                0x08004d5c        0x4 AppLayer.a(EEPROMdrv.o)
                0x08004d5c                K_V_InitSpiEprom
 .text.K_U16_CaptureModeSpiEprom
                0x08004d60       0x4c AppLayer.a(EEPROMdrv.o)
                0x08004d60                K_U16_CaptureModeSpiEprom
 .text.K_U16_WriteSpiEpromBlock
                0x08004dac       0xb0 AppLayer.a(EEPROMdrv.o)
                0x08004dac                K_U16_WriteSpiEpromBlock
 .text.K_U16_ReadSpiEpromBlockDirect
                0x08004e5c       0x14 AppLayer.a(EEPROMdrv.o)
                0x08004e5c                K_U16_ReadSpiEpromBlockDirect
 *AppLayer.a:chsys.o(.text.*)
 .text._idle_thread
                0x08004e70       0x18 AppLayer.a(chsys.o)
                0x08004e70                _idle_thread
 .text.chSysInit
                0x08004e88       0x68 AppLayer.a(chsys.o)
                0x08004e88                chSysInit
 .text.chSysTimerHandlerI
                0x08004ef0       0x58 AppLayer.a(chsys.o)
                0x08004ef0                chSysTimerHandlerI
 *AppLayer.a:chmtx.o(.text.*)
 .text.chMtxInit
                0x08004f48        0xc AppLayer.a(chmtx.o)
                0x08004f48                chMtxInit
 .text.chMtxLockS
                0x08004f54       0xc4 AppLayer.a(chmtx.o)
                0x08004f54                chMtxLockS
 .text.chMtxLock
                0x08005018       0x14 AppLayer.a(chmtx.o)
                0x08005018                chMtxLock
 .text.chMtxTryLockS
                0x0800502c       0x20 AppLayer.a(chmtx.o)
                0x0800502c                chMtxTryLockS
 .text.chMtxTryLock
                0x0800504c       0x14 AppLayer.a(chmtx.o)
                0x0800504c                chMtxTryLock
 .text.chMtxUnlock
                0x08005060       0x5c AppLayer.a(chmtx.o)
                0x08005060                chMtxUnlock
 *AppLayer.a:system.o(.text.*)
 .text.K_U32_GetSystemUs
                0x080050bc        0x8 AppLayer.a(system.o)
                0x080050bc                K_U32_GetSystemUs
 .text.K_V_DelayUs
                0x080050c4       0x20 AppLayer.a(system.o)
                0x080050c4                K_V_DelayUs
 .text.K_V_DelayMs
                0x080050e4       0x38 AppLayer.a(system.o)
                0x080050e4                K_V_DelayMs
 .text.K_V_SystemReset
                0x0800511c       0x24 AppLayer.a(system.o)
                0x0800511c                K_V_SystemReset
 .text.K_V_Disable_int
                0x08005140        0x4 AppLayer.a(system.o)
                0x08005140                K_V_Disable_int
 .text.K_V_Enable_int
                0x08005144        0x4 AppLayer.a(system.o)
                0x08005144                K_V_Enable_int
 .text.K_V_InitSystemTimer
                0x08005148       0x30 AppLayer.a(system.o)
                0x08005148                K_V_InitSystemTimer
 .text.K_B_InIsr
                0x08005178       0x18 AppLayer.a(system.o)
                0x08005178                K_B_InIsr
 *AppLayer.a:chthreads.o(.text.*)
 .text._thread_init
                0x08005190       0x48 AppLayer.a(chthreads.o)
                0x08005190                _thread_init
 .text.chThdCreateI
                0x080051d8       0x6c AppLayer.a(chthreads.o)
                0x080051d8                chThdCreateI
 .text.chThdCreateStatic
                0x08005244       0x2c AppLayer.a(chthreads.o)
                0x08005244                chThdCreateStatic
 .text.chThdSleep
                0x08005270       0x18 AppLayer.a(chthreads.o)
                0x08005270                chThdSleep
 .text.chThdExitS
                0x08005288       0x40 AppLayer.a(chthreads.o)
                0x08005288                chThdExitS
 .text.chThdExit
                0x080052c8        0xc AppLayer.a(chthreads.o)
                0x080052c8                chThdExit
 *AppLayer.a:History.o(.text.*)
 .text.KC_U16_InitHistory
                0x080052d4       0xc8 AppLayer.a(History.o)
                0x080052d4                KC_U16_InitHistory
 .text.KC_U16_SetHistoryEntry
                0x0800539c       0xe4 AppLayer.a(History.o)
                0x0800539c                KC_U16_SetHistoryEntry
 .text.KC_U16_GetHistoryEntry
                0x08005480       0xa0 AppLayer.a(History.o)
                0x08005480                KC_U16_GetHistoryEntry
 *AppLayer.a:CanSTM32f2xx.o(.text.*)
 .text.meEnterSetupMode
                0x08005520       0x5c AppLayer.a(CanSTM32f2xx.o)
 .text.M_E_CanSTM32f2xxStartInstance
                0x0800557c       0x4c AppLayer.a(CanSTM32f2xx.o)
 .text.M_E_CanSTM32f2xxStopInstance
                0x080055c8        0x4 AppLayer.a(CanSTM32f2xx.o)
 .text.M_E_CanSTM32f2xxDisableInterrupts
                0x080055cc       0x38 AppLayer.a(CanSTM32f2xx.o)
 .text.M_E_CanSTM32f2xxEnableInterrupts
                0x08005604       0x2c AppLayer.a(CanSTM32f2xx.o)
 .text.M_E_CanSTM32f2xxSetBaudRate
                0x08005630       0xa8 AppLayer.a(CanSTM32f2xx.o)
 .text.M_E_CanSTM32f2xxInitInstance
                0x080056d8       0x54 AppLayer.a(CanSTM32f2xx.o)
 .text.M_E_CanSTM32f2xxInitTxChannel
                0x0800572c       0x18 AppLayer.a(CanSTM32f2xx.o)
 .text.M_E_CanSTM32f2xxInitRxChannel
                0x08005744       0xf0 AppLayer.a(CanSTM32f2xx.o)
 .text.M_E_CanSTM32f2xxGetDriverInstanceStatus
                0x08005834       0x38 AppLayer.a(CanSTM32f2xx.o)
 .text.M_E_CanSTM32F2xxRegisterTxISR
                0x0800586c       0x64 AppLayer.a(CanSTM32f2xx.o)
 .text.M_E_CanSTM32F2xxRegisterRxISR
                0x080058d0       0xc4 AppLayer.a(CanSTM32f2xx.o)
 .text.M_V_CANxTxxISR
                0x08005994       0x7c AppLayer.a(CanSTM32f2xx.o)
 .text.M_V_CAN1Tx0ISR
                0x08005a10       0x14 AppLayer.a(CanSTM32f2xx.o)
 .text.M_V_CAN0Tx0ISR
                0x08005a24       0x18 AppLayer.a(CanSTM32f2xx.o)
 .text.M_V_CANxRxxISR
                0x08005a3c      0x154 AppLayer.a(CanSTM32f2xx.o)
 .text.M_V_CAN1Rx1ISR
                0x08005b90       0x14 AppLayer.a(CanSTM32f2xx.o)
 .text.M_V_CAN1Rx0ISR
                0x08005ba4       0x14 AppLayer.a(CanSTM32f2xx.o)
 .text.M_V_CAN0Rx1ISR
                0x08005bb8       0x14 AppLayer.a(CanSTM32f2xx.o)
 .text.M_V_CAN0Rx0ISR
                0x08005bcc       0x18 AppLayer.a(CanSTM32f2xx.o)
 .text.M_E_CanSTM32f2xxTransmit
                0x08005be4      0x120 AppLayer.a(CanSTM32f2xx.o)
 .text.M_E_CanSTM32f2xxInit
                0x08005d04       0xd8 AppLayer.a(CanSTM32f2xx.o)
 .text.Tx1thread
                0x08005ddc       0x30 AppLayer.a(CanSTM32f2xx.o)
 .text.Tx0thread
                0x08005e0c       0x30 AppLayer.a(CanSTM32f2xx.o)
 .text.Rx1thread
                0x08005e3c       0x2c AppLayer.a(CanSTM32f2xx.o)
 .text.Rx0thread
                0x08005e68       0x2c AppLayer.a(CanSTM32f2xx.o)
 *AppLayer.a:RTOS_Chibios.o(.text.*)
 .text.OS_U16_GetStackLoadPercent
                0x08005e94      0x10c AppLayer.a(RTOS_Chibios.o)
                0x08005e94                OS_U16_GetStackLoadPercent
 .text.M_V_OSTask
                0x08005fa0       0x74 AppLayer.a(RTOS_Chibios.o)
 .text.OS_V_CreateTask
                0x08006014       0x6c AppLayer.a(RTOS_Chibios.o)
                0x08006014                OS_V_CreateTask
 .text.OS_U32_RunTask
                0x08006080       0x20 AppLayer.a(RTOS_Chibios.o)
                0x08006080                OS_U32_RunTask
 .text.OS_V_DelayMS
                0x080060a0       0x24 AppLayer.a(RTOS_Chibios.o)
                0x080060a0                OS_V_DelayMS
 .text.OS_V_DelayuS
                0x080060c4       0x24 AppLayer.a(RTOS_Chibios.o)
                0x080060c4                OS_V_DelayuS
 .text.OS_V_DisableTimeout
                0x080060e8       0x48 AppLayer.a(RTOS_Chibios.o)
                0x080060e8                OS_V_DisableTimeout
 .text.OS_V_EnableSamplingMS
                0x08006130       0x5c AppLayer.a(RTOS_Chibios.o)
                0x08006130                OS_V_EnableSamplingMS
 .text.OS_U16_Sleep
                0x0800618c       0x40 AppLayer.a(RTOS_Chibios.o)
                0x0800618c                OS_U16_Sleep
 .text.OS_U32_GetTimeMs
                0x080061cc        0xc AppLayer.a(RTOS_Chibios.o)
                0x080061cc                OS_U32_GetTimeMs
 .text._OS_MicroSec
                0x080061d8        0x4 AppLayer.a(RTOS_Chibios.o)
                0x080061d8                _OS_MicroSec
 .text.OS_V_InitOS
                0x080061dc       0x58 AppLayer.a(RTOS_Chibios.o)
                0x080061dc                OS_V_InitOS
 .text.OS_V_UpdateTimers
                0x08006234      0x19c AppLayer.a(RTOS_Chibios.o)
                0x08006234                OS_V_UpdateTimers
 .text.OS_V_InitSemaphore
                0x080063d0        0x8 AppLayer.a(RTOS_Chibios.o)
                0x080063d0                OS_V_InitSemaphore
 .text.OS_V_RtosBasicInit
                0x080063d8       0x78 AppLayer.a(RTOS_Chibios.o)
                0x080063d8                OS_V_RtosBasicInit
 .text.OS_B_SemaphoreWait
                0x08006450       0x1c AppLayer.a(RTOS_Chibios.o)
                0x08006450                OS_B_SemaphoreWait
 .text.OS_V_SemaphoreSignal
                0x0800646c       0x20 AppLayer.a(RTOS_Chibios.o)
                0x0800646c                OS_V_SemaphoreSignal
 .text.OS_V_Exit
                0x0800648c        0x8 AppLayer.a(RTOS_Chibios.o)
                0x0800648c                OS_V_Exit
 .text.OS_V_MutexInit
                0x08006494        0xc AppLayer.a(RTOS_Chibios.o)
                0x08006494                OS_V_MutexInit
 .text.OS_V_MutexLock
                0x080064a0        0x4 AppLayer.a(RTOS_Chibios.o)
                0x080064a0                OS_V_MutexLock
 .text.OS_B_MutexTryLock
                0x080064a4        0x4 AppLayer.a(RTOS_Chibios.o)
                0x080064a4                OS_B_MutexTryLock
 .text.OS_V_MutexUnlock
                0x080064a8        0x4 AppLayer.a(RTOS_Chibios.o)
                0x080064a8                OS_V_MutexUnlock
 .text.OS_V_SysLockFromIsr
                0x080064ac        0x8 AppLayer.a(RTOS_Chibios.o)
                0x080064ac                OS_V_SysLockFromIsr
 .text.OS_V_SysUnlockFromIsr
                0x080064b4        0x8 AppLayer.a(RTOS_Chibios.o)
                0x080064b4                OS_V_SysUnlockFromIsr
 .text.OS_V_EventSignalI
                0x080064bc        0xc AppLayer.a(RTOS_Chibios.o)
                0x080064bc                OS_V_EventSignalI
 .text.OS_P_CreateThreadStatic
                0x080064c8        0x4 AppLayer.a(RTOS_Chibios.o)
                0x080064c8                OS_P_CreateThreadStatic
 .text.OS_V_EventRegisterMask
                0x080064cc        0xc AppLayer.a(RTOS_Chibios.o)
                0x080064cc                OS_V_EventRegisterMask
 .text.OS_V_EventWaitOne
                0x080064d8        0xc AppLayer.a(RTOS_Chibios.o)
                0x080064d8                OS_V_EventWaitOne
 .text.OS_V_EventInit
                0x080064e4        0x4 AppLayer.a(RTOS_Chibios.o)
                0x080064e4                OS_V_EventInit
 .text.OS_V_MailboxInit
                0x080064e8        0x4 AppLayer.a(RTOS_Chibios.o)
                0x080064e8                OS_V_MailboxInit
 cstart.o(.text.*)
 .text.K_V_DefaultHandler
                0x080064ec       0x40 cstart.o
                0x080064ec                K_V_DefaultHandler
 .text.M_V_DefaultHandler1
                0x0800652c        0x8 cstart.o
 .text.M_V_DefaultHandler2
                0x08006534        0x8 cstart.o
 .text.M_V_DefaultHandler3
                0x0800653c        0x8 cstart.o
 .text.M_V_DefaultHandler4
                0x08006544        0x8 cstart.o
 .text.M_V_DefaultHandler5
                0x0800654c        0x8 cstart.o
 .text.M_V_DefaultHandler6
                0x08006554        0x8 cstart.o
 .text.M_V_DefaultHandler7
                0x0800655c        0x8 cstart.o
 .text.M_V_DefaultHandler8
                0x08006564        0x8 cstart.o
 .text.M_B_TestAddressBus
                0x0800656c       0xc4 cstart.o
                0x0800656c                M_B_TestAddressBus
 .text.M_B_TestDevice
                0x08006630       0xe4 cstart.o
                0x08006630                M_B_TestDevice
 .text.M_V_ResetHandler
                0x08006714      0x294 cstart.o
 *AppLayer.a:CAN.o(.text.*)
 .text.AC_U32_CANInterfaceGetBaudrate
                0x080069a8       0x20 AppLayer.a(CAN.o)
                0x080069a8                AC_U32_CANInterfaceGetBaudrate
 .text.AC_U32_CANInterfaceBaudToBootIndex
                0x080069c8       0x78 AppLayer.a(CAN.o)
                0x080069c8                AC_U32_CANInterfaceBaudToBootIndex
 .text.AC_V_CANPreInit
                0x08006a40      0x188 AppLayer.a(CAN.o)
                0x08006a40                AC_V_CANPreInit
 .text.AC_V_CANInit
                0x08006bc8       0x50 AppLayer.a(CAN.o)
                0x08006bc8                AC_V_CANInit
 .text.AC_V_ProcessCan
                0x08006c18      0x1b0 AppLayer.a(CAN.o)
                0x08006c18                AC_V_ProcessCan
 *AppLayer.a:core_cm3.o(.text.*)
 *AppLayer.a:chmemcore.o(.text.*)
 .text._core_init
                0x08006dc8       0x2c AppLayer.a(chmemcore.o)
                0x08006dc8                _core_init
 .text.chCoreAlloc
                0x08006df4       0x34 AppLayer.a(chmemcore.o)
                0x08006df4                chCoreAlloc
 *AppLayer.a:chvt.o(.text.*)
 .text._vt_init
                0x08006e28       0x18 AppLayer.a(chvt.o)
                0x08006e28                _vt_init
 .text.chVTSetI
                0x08006e40       0x38 AppLayer.a(chvt.o)
                0x08006e40                chVTSetI
 .text.chVTResetI
                0x08006e78       0x24 AppLayer.a(chvt.o)
                0x08006e78                chVTResetI
 *AppLayer.a:SerialDriver.o(.text.*)
 .text.KC_E_InitSerialDriver
                0x08006e9c       0x10 AppLayer.a(SerialDriver.o)
                0x08006e9c                KC_E_InitSerialDriver
 .text.KC_E_InitSerialDriverInstance
                0x08006eac       0x14 AppLayer.a(SerialDriver.o)
                0x08006eac                KC_E_InitSerialDriverInstance
 .text.KC_E_StartSerialDriverInstance
                0x08006ec0       0x10 AppLayer.a(SerialDriver.o)
                0x08006ec0                KC_E_StartSerialDriverInstance
 .text.KC_E_StopSerialDriverInstance
                0x08006ed0       0x10 AppLayer.a(SerialDriver.o)
                0x08006ed0                KC_E_StopSerialDriverInstance
 .text.KC_E_SetBaudRate
                0x08006ee0       0x14 AppLayer.a(SerialDriver.o)
                0x08006ee0                KC_E_SetBaudRate
 .text.KC_E_InitTxChannel
                0x08006ef4       0x10 AppLayer.a(SerialDriver.o)
                0x08006ef4                KC_E_InitTxChannel
 .text.KC_E_InitRxChannel
                0x08006f04       0x10 AppLayer.a(SerialDriver.o)
                0x08006f04                KC_E_InitRxChannel
 .text.KC_E_Transmit
                0x08006f14       0x10 AppLayer.a(SerialDriver.o)
                0x08006f14                KC_E_Transmit
 .text.KC_E_GetDriverInstanceStatus
                0x08006f24       0x10 AppLayer.a(SerialDriver.o)
                0x08006f24                KC_E_GetDriverInstanceStatus
 .text.KC_E_RegisterRxISR
                0x08006f34       0x14 AppLayer.a(SerialDriver.o)
                0x08006f34                KC_E_RegisterRxISR
 .text.KC_E_RegisterTxISR
                0x08006f48       0x14 AppLayer.a(SerialDriver.o)
                0x08006f48                KC_E_RegisterTxISR
 *AppLayer.a:SPI.o(.text.*)
 .text.M_U8_SPI_TransceiveByte
                0x08006f5c       0x60 AppLayer.a(SPI.o)
 .text.K_U8_WriteByteSPI
                0x08006fbc       0x48 AppLayer.a(SPI.o)
                0x08006fbc                K_U8_WriteByteSPI
 .text.K_U8_ReadByteSPI
                0x08007004       0x40 AppLayer.a(SPI.o)
                0x08007004                K_U8_ReadByteSPI
 .text.K_U16_TransceiveDataSPI
                0x08007044      0x200 AppLayer.a(SPI.o)
                0x08007044                K_U16_TransceiveDataSPI
 .text.K_V_InitSPI
                0x08007244      0x144 AppLayer.a(SPI.o)
                0x08007244                K_V_InitSPI
 *AppLayer.a:CalcProgramCrc.o(.text.*)
 .text.AC_V_CalcProgramCrc
                0x08007388      0x170 AppLayer.a(CalcProgramCrc.o)
                0x08007388                AC_V_CalcProgramCrc
 .text.AC_V_InitCalcProgramCrc
                0x080074f8       0x38 AppLayer.a(CalcProgramCrc.o)
                0x080074f8                AC_V_InitCalcProgramCrc

.HexRange       0x08008000        0x0
                0x08008000                . = ALIGN (0x4)
                0x08008000                PROVIDE (_text, .)
 *(.HexRange)
                0x08008000                . = ALIGN (0x4)

.text           0x08008000     0xc2da
                0x08008000                _text = .
 *(.text)
 .text          0x08008000       0xdc KILLSWITCH.OBJ
                0x08008000                isValidUtf8Byte
                0x08008064                CopyValidUtf8CodeUnits
                0x080080c4                _INITTASK
 .text          0x080080dc      0x8ac MC50_110_LG_T_MC50_112T.OBJ
                0x080080dc                LoopDeadlineTimePassed
                0x0800810c                GetTimeSinceStartupInMilliSeconds
                0x08008118                _INITMAINTASK
                0x080083e0                _EndLoop_MAINTASK
                0x080083e4                _BeginLoop_MAINTASK
                0x080083e8                _MAINTASK
 *(.text.*)
 .text.InitExtFunc
                0x08008988        0x4 stubextfunc.o
                0x08008988                InitExtFunc
 .text.ProcessExtFunc
                0x0800898c        0x4 stubextfunc.o
                0x0800898c                ProcessExtFunc
 .text.ProcessBootFunc
                0x08008990        0x4 stubbootfunc.o
                0x08008990                ProcessBootFunc
 .text.InitBootFunc
                0x08008994        0x4 stubbootfunc.o
                0x08008994                InitBootFunc
 .text.M_V_KernelTask
                0x08008998       0x2c AppLayer.a(main.o)
 .text.startup.main
                0x080089c4       0x84 AppLayer.a(main.o)
                0x080089c4                main
 .text.K_V_ResetWatchdog
                0x08008a48       0x10 AppLayer.a(wdog.o)
                0x08008a48                K_V_ResetWatchdog
 .text.K_B_InitWdog
                0x08008a58       0x40 AppLayer.a(wdog.o)
                0x08008a58                K_B_InitWdog
 .text.K_V_RegisterLimpModeCallbackFunction
                0x08008a98        0xc AppLayer.a(wdog.o)
                0x08008a98                K_V_RegisterLimpModeCallbackFunction
 .text.K_V_WDogLimpMode
                0x08008aa4       0x18 AppLayer.a(wdog.o)
                0x08008aa4                K_V_WDogLimpMode
 .text.K_V_InitMcu
                0x08008abc       0x8c AppLayer.a(mcu_init.o)
                0x08008abc                K_V_InitMcu
 .text.K_V_InitFPU
                0x08008b48        0xc AppLayer.a(mcu_init.o)
                0x08008b48                K_V_InitFPU
 .text.K_U16_CheckOTPChecksum
                0x08008b54       0x34 AppLayer.a(unitinfo.o)
                0x08008b54                K_U16_CheckOTPChecksum
 .text.K_U16_GetKernelProductionInfo
                0x08008b88       0x68 AppLayer.a(unitinfo.o)
                0x08008b88                K_U16_GetKernelProductionInfo
 .text.K_U16_GetKernelHWInfo
                0x08008bf0       0xc4 AppLayer.a(unitinfo.o)
                0x08008bf0                K_U16_GetKernelHWInfo
 .text.K_E_SetKernelHWInfo
                0x08008cb4       0x68 AppLayer.a(unitinfo.o)
                0x08008cb4                K_E_SetKernelHWInfo
 .text.K_E_CheckKernelHWInfoStatus
                0x08008d1c        0xc AppLayer.a(unitinfo.o)
                0x08008d1c                K_E_CheckKernelHWInfoStatus
 .text.K_V_KernelHWInfoUpdate
                0x08008d28       0x90 AppLayer.a(unitinfo.o)
                0x08008d28                K_V_KernelHWInfoUpdate
 .text.K_V_ReadEEPROMUnitInfo
                0x08008db8       0x24 AppLayer.a(unitinfo.o)
                0x08008db8                K_V_ReadEEPROMUnitInfo
 .text.K_V_WriteEEPROMUnitInfo
                0x08008ddc       0x24 AppLayer.a(unitinfo.o)
                0x08008ddc                K_V_WriteEEPROMUnitInfo
 .text.KC_V_CpyMem
                0x08008e00       0x40 AppLayer.a(Memory.o)
                0x08008e00                KC_V_CpyMem
 .text.KC_B_CmpMem
                0x08008e40       0x50 AppLayer.a(Memory.o)
                0x08008e40                KC_B_CmpMem
 .text.KC_V_SetMem
                0x08008e90       0x34 AppLayer.a(Memory.o)
                0x08008e90                KC_V_SetMem
 .text.KC_U16_CRCAdd
                0x08008ec4      0x168 AppLayer.a(checksum.o)
                0x08008ec4                KC_U16_CRCAdd
 .text.KC_U16_CalcChecksum
                0x0800902c       0x4c AppLayer.a(checksum.o)
                0x0800902c                KC_U16_CalcChecksum
 .text.KC_U16_CalcChecksumByte
                0x08009078       0x60 AppLayer.a(checksum.o)
                0x08009078                KC_U16_CalcChecksumByte
 .text.KC_V_InitInfoBlock11
                0x080090d8       0x50 AppLayer.a(InfoBlocks.o)
                0x080090d8                KC_V_InitInfoBlock11
 .text.KC_V_LoadAppInfo
                0x08009128       0x58 AppLayer.a(InfoBlocks.o)
                0x08009128                KC_V_LoadAppInfo
 .text.KC_V_LoadHWInfo
                0x08009180       0x4c AppLayer.a(InfoBlocks.o)
                0x08009180                KC_V_LoadHWInfo
 .text.KC_V_LoadProductionInfo
                0x080091cc       0x34 AppLayer.a(InfoBlocks.o)
                0x080091cc                KC_V_LoadProductionInfo
 .text.KC_V_UpdateNodeId
                0x08009200        0xc AppLayer.a(InfoBlocks.o)
                0x08009200                KC_V_UpdateNodeId
 .text.KC_V_UpdateNodeIdExtended
                0x0800920c        0x8 AppLayer.a(InfoBlocks.o)
                0x0800920c                KC_V_UpdateNodeIdExtended
 .text.KC_V_InitAndAddInfoBlock6
                0x08009214       0x44 AppLayer.a(InfoBlocks.o)
                0x08009214                KC_V_InitAndAddInfoBlock6
 .text.KC_V_InitAndAddInfoBlock10
                0x08009258       0x34 AppLayer.a(InfoBlocks.o)
                0x08009258                KC_V_InitAndAddInfoBlock10
 .text.KC_V_UpdateAllInfoBlockChecksums
                0x0800928c       0x78 AppLayer.a(InfoBlocks.o)
                0x0800928c                KC_V_UpdateAllInfoBlockChecksums
 .text.KC_V_GetAppInfo
                0x08009304       0x8c AppLayer.a(InfoBlocks.o)
                0x08009304                KC_V_GetAppInfo
 .text.nvicSetSystemHandlerPriority
                0x08009390       0x30 AppLayer.a(nvic.o)
                0x08009390                nvicSetSystemHandlerPriority
 .text.chSemInit
                0x080093c0        0x8 AppLayer.a(chsem.o)
                0x080093c0                chSemInit
 .text.chSemWaitS
                0x080093c8       0x34 AppLayer.a(chsem.o)
                0x080093c8                chSemWaitS
 .text.chSemWait
                0x080093fc       0x14 AppLayer.a(chsem.o)
                0x080093fc                chSemWait
 .text.chSemWaitTimeoutS
                0x08009410       0x3c AppLayer.a(chsem.o)
                0x08009410                chSemWaitTimeoutS
 .text.chSemWaitTimeout
                0x0800944c       0x14 AppLayer.a(chsem.o)
                0x0800944c                chSemWaitTimeout
 .text.chSemSignalI
                0x08009460       0x20 AppLayer.a(chsem.o)
                0x08009460                chSemSignalI
 .text.chEvtRegisterMask
                0x08009480       0x2c AppLayer.a(chevents.o)
                0x08009480                chEvtRegisterMask
 .text.chEvtSignalI
                0x080094ac       0x30 AppLayer.a(chevents.o)
                0x080094ac                chEvtSignalI
 .text.chEvtWaitOne
                0x080094dc       0x3c AppLayer.a(chevents.o)
                0x080094dc                chEvtWaitOne
 .text.chMBInit
                0x08009518       0x2c AppLayer.a(chmboxes.o)
                0x08009518                chMBInit
 .text.chMBPostI
                0x08009544       0x30 AppLayer.a(chmboxes.o)
                0x08009544                chMBPostI
 .text.chMBFetchS
                0x08009574       0x38 AppLayer.a(chmboxes.o)
                0x08009574                chMBFetchS
 .text.chMBFetch
                0x080095ac       0x14 AppLayer.a(chmboxes.o)
                0x080095ac                chMBFetch
 .text.ECU_V_InitExtMemBus
                0x080095c0        0x4 AppLayer.a(LG_config_MC050_110.o)
                0x080095c0                ECU_V_InitExtMemBus
 .text.ECU_V_InitSPI
                0x080095c4       0x24 AppLayer.a(LG_config_MC050_110.o)
                0x080095c4                ECU_V_InitSPI
 .text.ECU_V_InitMcGPIOPorts
                0x080095e8      0x1e8 AppLayer.a(LG_config_MC050_110.o)
                0x080095e8                ECU_V_InitMcGPIOPorts
 .text.idle     0x080097d0       0x24 AppLayer.a(datacontainer.o)
                0x080097d0                idle
 .text.ECU_V_InitDataContainer
                0x080097f4       0x10 AppLayer.a(datacontainer.o)
                0x080097f4                ECU_V_InitDataContainer
 .text.M_V_SetExecTime
                0x08009804       0x2c AppLayer.a(task.o)
 .text.M_V_PostProcessIO
                0x08009830       0x34 AppLayer.a(task.o)
 .text.M_V_Task1
                0x08009864      0x3fc AppLayer.a(task.o)
 .text.M_V_LimpModeCallback
                0x08009c60       0x4c AppLayer.a(task.o)
 .text.ECU_V_ValidateKWP2kID
                0x08009cac        0x4 AppLayer.a(task.o)
                0x08009cac                ECU_V_ValidateKWP2kID
 .text.ECU_U16_InitApplicationLayer
                0x08009cb0      0x144 AppLayer.a(task.o)
                0x08009cb0                ECU_U16_InitApplicationLayer
 .text.ECU_U16_CallUpdateUserStorage
                0x08009df4      0x130 AppLayer.a(task.o)
                0x08009df4                ECU_U16_CallUpdateUserStorage
 .text.ECU_U16_PrepareInitUserStorage
                0x08009f24       0x64 AppLayer.a(task.o)
                0x08009f24                ECU_U16_PrepareInitUserStorage
 .text.ECU_B_UserCustomStorageInProgress
                0x08009f88        0x4 AppLayer.a(task.o)
                0x08009f88                ECU_B_UserCustomStorageInProgress
 .text.ECU_V_AdcMultiPlexADC1
                0x08009f8c       0x40 AppLayer.a(DriverConfig.o)
                0x08009f8c                ECU_V_AdcMultiPlexADC1
 .text.AC_B_UserStorageInProgress
                0x08009fcc        0x4 AppLayer.a(EEUSER.o)
                0x08009fcc                AC_B_UserStorageInProgress
 .text.AC_U16_InitUserStorage
                0x08009fd0       0x3c AppLayer.a(EEUSER.o)
                0x08009fd0                AC_U16_InitUserStorage
 .text.AC_U16_KernelInitUserStorage
                0x0800a00c        0xc AppLayer.a(EEUSER.o)
                0x0800a00c                AC_U16_KernelInitUserStorage
 .text.AC_U16_UpdateUserStorage
                0x0800a018        0xc AppLayer.a(EEUSER.o)
                0x0800a018                AC_U16_UpdateUserStorage
 .text.AC_V_SetUserStorageUpdateTime
                0x0800a024        0x4 AppLayer.a(EEUSER.o)
                0x0800a024                AC_V_SetUserStorageUpdateTime
 .text.AC_V_UserStorageDirect
                0x0800a028        0x4 AppLayer.a(EEUSER.o)
                0x0800a028                AC_V_UserStorageDirect
 .text.AC_V_UserNVAPI_In
                0x0800a02c        0x4 AppLayer.a(EEUSER.o)
                0x0800a02c                AC_V_UserNVAPI_In
 .text.AC_B_UserNVAPI_DiagWritePending
                0x0800a030        0x4 AppLayer.a(EEUSER.o)
                0x0800a030                AC_B_UserNVAPI_DiagWritePending
 .text.AC_B_UserNVAPI_InitWritePending
                0x0800a034        0x4 AppLayer.a(EEUSER.o)
                0x0800a034                AC_B_UserNVAPI_InitWritePending
 .text.AC_V_UserNVAPI_Out
                0x0800a038        0x4 AppLayer.a(EEUSER.o)
                0x0800a038                AC_V_UserNVAPI_Out
 .text.AC_B_UserSampleNVDiagWritePending
                0x0800a03c        0xc AppLayer.a(EEUSER.o)
                0x0800a03c                AC_B_UserSampleNVDiagWritePending
 .text.AC_V_UserNVAPI_DiagWrite
                0x0800a048        0x4 AppLayer.a(EEUSER.o)
                0x0800a048                AC_V_UserNVAPI_DiagWrite
 .text.AC_E_DioReadChannel
                0x0800a04c       0x34 AppLayer.a(Dio.o)
                0x0800a04c                AC_E_DioReadChannel
 .text.AC_V_DioWriteChannel
                0x0800a080       0x48 AppLayer.a(Dio.o)
                0x0800a080                AC_V_DioWriteChannel
 .text.AC_V_DioReadAllPorts
                0x0800a0c8       0x10 AppLayer.a(Dio.o)
                0x0800a0c8                AC_V_DioReadAllPorts
 .text.AC_V_DioWriteAllPorts
                0x0800a0d8       0x10 AppLayer.a(Dio.o)
                0x0800a0d8                AC_V_DioWriteAllPorts
 .text.AC_E_MMDioReadChannel
                0x0800a0e8       0x2c AppLayer.a(MM_Dio.o)
                0x0800a0e8                AC_E_MMDioReadChannel
 .text.AC_V_MMDioWriteChannel
                0x0800a114       0x68 AppLayer.a(MM_Dio.o)
                0x0800a114                AC_V_MMDioWriteChannel
 .text.AC_V_MMDioReadAllPorts
                0x0800a17c       0x5c AppLayer.a(MM_Dio.o)
                0x0800a17c                AC_V_MMDioReadAllPorts
 .text.AC_V_MMDioWriteAllPorts
                0x0800a1d8       0x5c AppLayer.a(MM_Dio.o)
                0x0800a1d8                AC_V_MMDioWriteAllPorts
 .text.AC_E_SERIALDioReadChannel
                0x0800a234       0x2c AppLayer.a(SERIAL_Dio.o)
                0x0800a234                AC_E_SERIALDioReadChannel
 .text.AC_V_SERIALDioWriteChannel
                0x0800a260       0x60 AppLayer.a(SERIAL_Dio.o)
                0x0800a260                AC_V_SERIALDioWriteChannel
 .text.AC_V_SERIALDioReadAllPorts
                0x0800a2c0        0x4 AppLayer.a(SERIAL_Dio.o)
                0x0800a2c0                AC_V_SERIALDioReadAllPorts
 .text.AC_V_SERIALDioWriteAllPorts
                0x0800a2c4       0x60 AppLayer.a(SERIAL_Dio.o)
                0x0800a2c4                AC_V_SERIALDioWriteAllPorts
 .text.AC_V_InitSPI_ChipSelects
                0x0800a324       0x54 AppLayer.a(SPI_ChipSelects.o)
                0x0800a324                AC_V_InitSPI_ChipSelects
 .text.M_V_WriteAppInfoToEEPROM
                0x0800a378       0x78 AppLayer.a(KWP2kService.o)
 .text.AC_V_PreInitKwp2k
                0x0800a3f0       0x34 AppLayer.a(KWP2kService.o)
                0x0800a3f0                AC_V_PreInitKwp2k
 .text.AC_V_InitKwp2k
                0x0800a424      0x1ac AppLayer.a(KWP2kService.o)
                0x0800a424                AC_V_InitKwp2k
 .text.AC_V_UpdateKwp2kBaudrate
                0x0800a5d0       0x14 AppLayer.a(KWP2kService.o)
                0x0800a5d0                AC_V_UpdateKwp2kBaudrate
 .text.AC_V_ProcessKwp2k
                0x0800a5e4       0x50 AppLayer.a(KWP2kService.o)
                0x0800a5e4                AC_V_ProcessKwp2k
 .text.gReadFlashBackGround
                0x0800a634        0x4 AppLayer.a(KWP2kService.o)
                0x0800a634                gReadFlashBackGround
 .text.AC_V_WriteKwp2kEEPROM
                0x0800a638       0x28 AppLayer.a(KWP2kService.o)
                0x0800a638                AC_V_WriteKwp2kEEPROM
 .text.AC_U16_GetExecTime
                0x0800a660        0xc AppLayer.a(KWP2kService.o)
                0x0800a660                AC_U16_GetExecTime
 .text.AC_V_ProcessCanRxSymbols
                0x0800a66c      0x1e4 AppLayer.a(CanSymbol.o)
                0x0800a66c                AC_V_ProcessCanRxSymbols
 .text.AC_V_ProcessCanTxSymbols
                0x0800a850      0x104 AppLayer.a(CanSymbol.o)
                0x0800a850                AC_V_ProcessCanTxSymbols
 .text.AC_V_D1InUpdate
                0x0800a954      0x128 AppLayer.a(LG_D4.o)
                0x0800a954                AC_V_D1InUpdate
 .text.AC_V_D1OutUpdate
                0x0800aa7c      0x170 AppLayer.a(LG_D4.o)
                0x0800aa7c                AC_V_D1OutUpdate
 .text.AC_V_DOUT_MC_UpdateOut
                0x0800abec       0x34 AppLayer.a(LG_DOUT2.o)
                0x0800abec                AC_V_DOUT_MC_UpdateOut
 .text.AC_V_DOUT_MC_UpdateIn
                0x0800ac20       0x78 AppLayer.a(LG_DOUT2.o)
                0x0800ac20                AC_V_DOUT_MC_UpdateIn
 .text.AC_V_DOutPvg_MC_UpdateIn
                0x0800ac98      0x104 AppLayer.a(LG_DOUT4.o)
                0x0800ac98                AC_V_DOutPvg_MC_UpdateIn
 .text.AC_V_DOutPvg_MC_UpdateOut
                0x0800ad9c       0x34 AppLayer.a(LG_DOUT4.o)
                0x0800ad9c                AC_V_DOutPvg_MC_UpdateOut
 .text.AC_V_DAIn_MC_Update
                0x0800add0       0x88 AppLayer.a(LG_DA3.o)
                0x0800add0                AC_V_DAIn_MC_Update
 .text.AC_V_DAInTR_MC_UpdateIn
                0x0800ae58      0x2b0 AppLayer.a(LG_DAR2.o)
                0x0800ae58                AC_V_DAInTR_MC_UpdateIn
 .text.AC_V_DAInTR_MC_UpdateOut
                0x0800b108       0x9c AppLayer.a(LG_DAR2.o)
                0x0800b108                AC_V_DAInTR_MC_UpdateOut
 .text.AC_V_MFInDA_MC_Init
                0x0800b1a4       0x30 AppLayer.a(LG_DA1.o)
                0x0800b1a4                AC_V_MFInDA_MC_Init
 .text.AC_V_MFInDA_MC_InUpdate
                0x0800b1d4      0x32c AppLayer.a(LG_DA1.o)
                0x0800b1d4                AC_V_MFInDA_MC_InUpdate
 .text.AC_V_MFInDA_MC_OutUpdate
                0x0800b500      0x19c AppLayer.a(LG_DA1.o)
                0x0800b500                AC_V_MFInDA_MC_OutUpdate
 .text.AC_V_MFInDAF_MC_Init
                0x0800b69c       0x3c AppLayer.a(LG_DAF1.o)
                0x0800b69c                AC_V_MFInDAF_MC_Init
 .text.AC_V_MFInDAF_MC_InUpdate
                0x0800b6d8      0x224 AppLayer.a(LG_DAF1.o)
                0x0800b6d8                AC_V_MFInDAF_MC_InUpdate
 .text.AC_V_MFInDAF_MC_OutUpdate
                0x0800b8fc      0x674 AppLayer.a(LG_DAF1.o)
                0x0800b8fc                AC_V_MFInDAF_MC_OutUpdate
 .text.M_V_CheckOldBIOutputs
                0x0800bf70       0x1c AppLayer.a(LG_PWM2.o)
 .text.M_b_BI_Directional
                0x0800bf8c       0xbc AppLayer.a(LG_PWM2.o)
 .text.M_V_ClearDither_ConfigPWM_ClearStatus
                0x0800c048       0x40 AppLayer.a(LG_PWM2.o)
 .text.M_b_ConfigDigital
                0x0800c088       0x74 AppLayer.a(LG_PWM2.o)
 .text.M_B_ClosedLoopDither
                0x0800c0fc      0x254 AppLayer.a(LG_PWM2.o)
 .text.AC_V_MFOut_MC_UpdateIn
                0x0800c350      0x29c AppLayer.a(LG_PWM2.o)
                0x0800c350                AC_V_MFOut_MC_UpdateIn
 .text.AC_V_MFOut_MC_UpdateOut
                0x0800c5ec      0x848 AppLayer.a(LG_PWM2.o)
                0x0800c5ec                AC_V_MFOut_MC_UpdateOut
 .text.AC_V_MFOut_MC_Enable
                0x0800ce34       0x44 AppLayer.a(LG_PWM2.o)
                0x0800ce34                AC_V_MFOut_MC_Enable
 .text.AC_V_MFOut_MC_Disable
                0x0800ce78       0x44 AppLayer.a(LG_PWM2.o)
                0x0800ce78                AC_V_MFOut_MC_Disable
 .text.AC_V_MFOut_MC_OutInit
                0x0800cebc       0x94 AppLayer.a(LG_PWM2.o)
                0x0800cebc                AC_V_MFOut_MC_OutInit
 .text.AC_V_VLDP_MC_Update
                0x0800cf50       0x48 AppLayer.a(LG_VLDP.o)
                0x0800cf50                AC_V_VLDP_MC_Update
 .text.AC_V_StdLedUpdate
                0x0800cf98       0x38 AppLayer.a(LED1.o)
                0x0800cf98                AC_V_StdLedUpdate
 .text.AC_V_5VSensorPwrInUpdate
                0x0800cfd0       0x54 AppLayer.a(LG_5V_SNSR_PWR.o)
                0x0800cfd0                AC_V_5VSensorPwrInUpdate
 .text.AC_V_LG_IntPwr_Update
                0x0800d024       0x30 AppLayer.a(LG_INT_PWR.o)
                0x0800d024                AC_V_LG_IntPwr_Update
 .text.M_V_SetPendingBit
                0x0800d054       0x4c AppLayer.a(NVAPI.o)
 .text.KC_B_NVAPI_IsPending
                0x0800d0a0       0x30 AppLayer.a(NVAPI.o)
                0x0800d0a0                KC_B_NVAPI_IsPending
 .text.KC_U16_NVAPI_InitResultDetailed
                0x0800d0d0        0xc AppLayer.a(NVAPI.o)
                0x0800d0d0                KC_U16_NVAPI_InitResultDetailed
 .text.KC_U16_NVAPI_InitResult
                0x0800d0dc       0x30 AppLayer.a(NVAPI.o)
                0x0800d0dc                KC_U16_NVAPI_InitResult
 .text.KC_V_NVAPI_Init
                0x0800d10c      0x2a0 AppLayer.a(NVAPI.o)
                0x0800d10c                KC_V_NVAPI_Init
 .text.KC_B_NVAPI_InitWritePending
                0x0800d3ac       0x24 AppLayer.a(NVAPI.o)
                0x0800d3ac                KC_B_NVAPI_InitWritePending
 .text.KC_V_NVAPI_Out
                0x0800d3d0      0x260 AppLayer.a(NVAPI.o)
                0x0800d3d0                KC_V_NVAPI_Out
 .text.KC_V_NVAPI_In
                0x0800d630      0x210 AppLayer.a(NVAPI.o)
                0x0800d630                KC_V_NVAPI_In
 .text.KC_V_NVAPI_Store
                0x0800d840      0x318 AppLayer.a(NVAPI.o)
                0x0800d840                KC_V_NVAPI_Store
 .text.KC_V_NVAPI_DiagWrite
                0x0800db58       0xf8 AppLayer.a(NVAPI.o)
                0x0800db58                KC_V_NVAPI_DiagWrite
 .text.KC_B_NVAPI_DiagWritePending
                0x0800dc50      0x540 AppLayer.a(NVAPI.o)
                0x0800dc50                KC_B_NVAPI_DiagWritePending
 .text.KC_S32_MaiersFilterControl
                0x0800e190       0x24 AppLayer.a(CtrMaier.o)
                0x0800e190                KC_S32_MaiersFilterControl
 .text.KC_U32_MaiersFilterControl
                0x0800e1b4       0x24 AppLayer.a(CtrMaier.o)
                0x0800e1b4                KC_U32_MaiersFilterControl
 .text.KC_U16_MaiersFilterControl
                0x0800e1d8       0x24 AppLayer.a(CtrMaier.o)
                0x0800e1d8                KC_U16_MaiersFilterControl
 .text.K_E_McalDioReadChannel
                0x0800e1fc       0x28 AppLayer.a(MCAL_Dio.o)
                0x0800e1fc                K_E_McalDioReadChannel
 .text.K_V_McalDioWriteChannel
                0x0800e224       0x38 AppLayer.a(MCAL_Dio.o)
                0x0800e224                K_V_McalDioWriteChannel
 .text.M_V_AdcComplex_Timer7StartSamplingADCISR
                0x0800e25c       0x5c AppLayer.a(adcComplex.o)
 .text.M_V_AdcComplex_Timer6StartSamplingADCISR
                0x0800e2b8       0x58 AppLayer.a(adcComplex.o)
 .text.K_V_AdcComplexPreInit
                0x0800e310       0x44 AppLayer.a(adcComplex.o)
                0x0800e310                K_V_AdcComplexPreInit
 .text.K_V_AdcComplexInit
                0x0800e354       0xc0 AppLayer.a(adcComplex.o)
                0x0800e354                K_V_AdcComplexInit
 .text.K_E_AdcComplexGet
                0x0800e414       0x28 AppLayer.a(adcComplex.o)
                0x0800e414                K_E_AdcComplexGet
 .text.K_V_BattAvgCallback
                0x0800e43c       0x80 AppLayer.a(CurrentDriver.o)
                0x0800e43c                K_V_BattAvgCallback
 .text.K_V_SetFdbackSamples
                0x0800e4bc      0x280 AppLayer.a(CurrentDriver.o)
                0x0800e4bc                K_V_SetFdbackSamples
 .text.K_V_GetPointers_ARR_CCRx
                0x0800e73c       0xfc AppLayer.a(CurrentDriver.o)
                0x0800e73c                K_V_GetPointers_ARR_CCRx
 .text.K_V_CurrentDriverCallback
                0x0800e838      0x5a8 AppLayer.a(CurrentDriver.o)
                0x0800e838                K_V_CurrentDriverCallback
 .text.g_S_TIM4_ISR
                0x0800ede0       0x50 AppLayer.a(CurrentDriver.o)
                0x0800ede0                g_S_TIM4_ISR
 .text.g_S_TIM8_TIM13_ISR
                0x0800ee30       0xa0 AppLayer.a(CurrentDriver.o)
                0x0800ee30                g_S_TIM8_TIM13_ISR
 .text.g_S_TIM9_ISR
                0x0800eed0       0x74 AppLayer.a(CurrentDriver.o)
                0x0800eed0                g_S_TIM9_ISR
 .text.K_V_TIM10_ISR
                0x0800ef44       0x54 AppLayer.a(CurrentDriver.o)
                0x0800ef44                K_V_TIM10_ISR
 .text.g_S_TIM11_ISR
                0x0800ef98       0x54 AppLayer.a(CurrentDriver.o)
                0x0800ef98                g_S_TIM11_ISR
 .text.g_S_TIM12_ISR
                0x0800efec       0x74 AppLayer.a(CurrentDriver.o)
                0x0800efec                g_S_TIM12_ISR
 .text.g_S_TIM14_ISR
                0x0800f060       0x54 AppLayer.a(CurrentDriver.o)
                0x0800f060                g_S_TIM14_ISR
 .text.M_V_TIMx_OCxInit
                0x0800f0b4      0x1dc AppLayer.a(iDriveInterface.o)
 .text.K_U16_SetPWM_Frequency
                0x0800f290      0x300 AppLayer.a(iDriveInterface.o)
                0x0800f290                K_U16_SetPWM_Frequency
 .text.K_U16_ConfigPWM
                0x0800f590      0x274 AppLayer.a(iDriveInterface.o)
                0x0800f590                K_U16_ConfigPWM
 .text.K_U16_InitPWM
                0x0800f804      0x3a0 AppLayer.a(iDriveInterface.o)
                0x0800f804                K_U16_InitPWM
 .text.K_U16_SetDither
                0x0800fba4       0xc0 AppLayer.a(iDriveInterface.o)
                0x0800fba4                K_U16_SetDither
 .text.K_U16_SetPWM
                0x0800fc64       0xc0 AppLayer.a(iDriveInterface.o)
                0x0800fc64                K_U16_SetPWM
 .text.K_U16_GetDutyCyclePWM
                0x0800fd24       0x48 AppLayer.a(iDriveInterface.o)
                0x0800fd24                K_U16_GetDutyCyclePWM
 .text.K_U16_GetCurrentPWM
                0x0800fd6c       0x54 AppLayer.a(iDriveInterface.o)
                0x0800fd6c                K_U16_GetCurrentPWM
 .text.K_U16_ActivatePWM
                0x0800fdc0       0xf4 AppLayer.a(iDriveInterface.o)
                0x0800fdc0                K_U16_ActivatePWM
 .text.K_U16_DeActivatePWM
                0x0800feb4      0x108 AppLayer.a(iDriveInterface.o)
                0x0800feb4                K_U16_DeActivatePWM
 .text.K_V_SetChangeSpeed
                0x0800ffbc       0x34 AppLayer.a(iDriveInterface.o)
                0x0800ffbc                K_V_SetChangeSpeed
 .text.K_U16_SetZeroCurrentRecalStatus
                0x0800fff0       0x30 AppLayer.a(iDriveInterface.o)
                0x0800fff0                K_U16_SetZeroCurrentRecalStatus
 .text.K_V_GetVLDP
                0x08010020       0x10 AppLayer.a(iDriveInterface.o)
                0x08010020                K_V_GetVLDP
 .text.KC_V_SetCanID
                0x08010030       0x18 AppLayer.a(CanData.o)
                0x08010030                KC_V_SetCanID
 .text.KC_B_CanID_IsExtended
                0x08010048        0x8 AppLayer.a(CanData.o)
                0x08010048                KC_B_CanID_IsExtended
 .text.KC_B_CanID_IsRTR
                0x08010050        0x8 AppLayer.a(CanData.o)
                0x08010050                KC_B_CanID_IsRTR
 .text.KC_U32_GetCanID
                0x08010058       0x14 AppLayer.a(CanData.o)
                0x08010058                KC_U32_GetCanID
 .text.KC_V_InitStreamWriter
                0x0801006c       0x10 AppLayer.a(Streams.o)
                0x0801006c                KC_V_InitStreamWriter
 .text.KC_S_WriteToStream
                0x0801007c       0x8c AppLayer.a(Streams.o)
                0x0801007c                KC_S_WriteToStream
 .text.KC_V_InitStreamReader
                0x08010108       0x10 AppLayer.a(Streams.o)
                0x08010108                KC_V_InitStreamReader
 .text.KC_V_RegisterStreamReadCallback
                0x08010118        0x8 AppLayer.a(Streams.o)
                0x08010118                KC_V_RegisterStreamReadCallback
 .text.KC_V_RegisterStreamPollForWriteCallback
                0x08010120        0x8 AppLayer.a(Streams.o)
                0x08010120                KC_V_RegisterStreamPollForWriteCallback
 .text.KC_V_PollForStreamWrite
                0x08010128       0xf0 AppLayer.a(Streams.o)
                0x08010128                KC_V_PollForStreamWrite
 .text.KC_V_ConnectStream
                0x08010218       0x58 AppLayer.a(Streams.o)
                0x08010218                KC_V_ConnectStream
 .text.KC_E_SocketWriteToStream
                0x08010270       0x10 AppLayer.a(Socket.o)
                0x08010270                KC_E_SocketWriteToStream
 .text.KC_E_SocketReadFromStream
                0x08010280       0x10 AppLayer.a(Socket.o)
                0x08010280                KC_E_SocketReadFromStream
 .text.KC_E_SocketInit
                0x08010290       0x6c AppLayer.a(Socket.o)
                0x08010290                KC_E_SocketInit
 .text.KC_E_SocketGet
                0x080102fc       0x10 AppLayer.a(Socket.o)
                0x080102fc                KC_E_SocketGet
 .text.KC_E_SocketPut
                0x0801030c       0x24 AppLayer.a(Socket.o)
                0x0801030c                KC_E_SocketPut
 .text.KC_E_BasicCanSocketInit
                0x08010330        0xc AppLayer.a(BasicCanSocket.o)
                0x08010330                KC_E_BasicCanSocketInit
 .text.KC_E_BasicCanSocketReadFromStream
                0x0801033c       0x38 AppLayer.a(BasicCanSocket.o)
                0x0801033c                KC_E_BasicCanSocketReadFromStream
 .text.KC_E_BasicCanSocketPut
                0x08010374       0x38 AppLayer.a(BasicCanSocket.o)
                0x08010374                KC_E_BasicCanSocketPut
 .text.KC_E_BasicCanKC_E_SocketGet
                0x080103ac       0x3c AppLayer.a(BasicCanSocket.o)
                0x080103ac                KC_E_BasicCanKC_E_SocketGet
 .text.KC_E_BasicCanSocketWriteToStream
                0x080103e8       0x64 AppLayer.a(BasicCanSocket.o)
                0x080103e8                KC_E_BasicCanSocketWriteToStream
 .text.M_B_KWP2kApp_InsideRangeList
                0x0801044c       0x3c AppLayer.a(KWP2kApp.o)
 .text.M_B_KWP2kKeyIsValid
                0x08010488      0x100 AppLayer.a(KWP2kApp.o)
 .text.KWP2k_STORAGE_USER_EEPROM_Progress
                0x08010588        0x4 AppLayer.a(KWP2kApp.o)
 .text.KWP2k_STORAGE_PARTNR_Progress
                0x0801058c       0x10 AppLayer.a(KWP2kApp.o)
 .text.KWP2k_STORAGE_NVMEM_Progress
                0x0801059c        0x4 AppLayer.a(KWP2kApp.o)
 .text.KC_V_KWP2kAppInit
                0x080105a0      0x16c AppLayer.a(KWP2kApp.o)
                0x080105a0                KC_V_KWP2kAppInit
 .text.KC_V_KWP2kApp_SetStorageArea
                0x0801070c       0x30 AppLayer.a(KWP2kApp.o)
                0x0801070c                KC_V_KWP2kApp_SetStorageArea
 .text.KC_B_KWP2kApp_TimeOutMs
                0x0801073c       0x3c AppLayer.a(KWP2kApp.o)
                0x0801073c                KC_B_KWP2kApp_TimeOutMs
 .text.M_V_KWP2kProcessResponsePending
                0x08010778       0x5c AppLayer.a(KWP2kApp.o)
 .text.KC_V_KWP2kApp_Process
                0x080107d4      0xedc AppLayer.a(KWP2kApp.o)
                0x080107d4                KC_V_KWP2kApp_Process
 .text.K_V_Icu_Init
                0x080116b0      0x2d8 AppLayer.a(ICU.o)
                0x080116b0                K_V_Icu_Init
 .text.K_U16_GetFrequencyInput
                0x08011988      0x3cc AppLayer.a(ICU.o)
                0x08011988                K_U16_GetFrequencyInput
 .text.K_U16_EnableQuadEncoder
                0x08011d54       0x28 AppLayer.a(ICU.o)
                0x08011d54                K_U16_EnableQuadEncoder
 .text.K_U16_GetQuadPulseCount
                0x08011d7c       0x6c AppLayer.a(ICU.o)
                0x08011d7c                K_U16_GetQuadPulseCount
 .text.K_U16_EnablePhaseDetect
                0x08011de8       0x4c AppLayer.a(ICU.o)
                0x08011de8                K_U16_EnablePhaseDetect
 .text.K_U16_GetPhaseTime
                0x08011e34      0x168 AppLayer.a(ICU.o)
                0x08011e34                K_U16_GetPhaseTime
 .text.K_V_SetTimer10_Callback
                0x08011f9c        0xc AppLayer.a(Icu_Irq.o)
                0x08011f9c                K_V_SetTimer10_Callback
 .text.K_V_Timer10_ISR
                0x08011fa8      0x474 AppLayer.a(Icu_Irq.o)
                0x08011fa8                K_V_Timer10_ISR
 .text.g_V_Timer3_ISR
                0x0801241c      0x4e4 AppLayer.a(Icu_Irq.o)
                0x0801241c                g_V_Timer3_ISR
 .text.K_U32_STM32_CalcU32BlockCRC32
                0x08012900       0x68 AppLayer.a(CRC32_STM32F2xx.o)
                0x08012900                K_U32_STM32_CalcU32BlockCRC32
 .text.K_U16_CaptureModeCRC
                0x08012968       0x68 AppLayer.a(CRC32_STM32F2xx.o)
                0x08012968                K_U16_CaptureModeCRC
 .text.K_V_AdcInit
                0x080129d0      0x2d8 AppLayer.a(adc.o)
                0x080129d0                K_V_AdcInit
 .text.K_E_AdcSetupResultBuffer
                0x08012ca8       0x3c AppLayer.a(adc.o)
                0x08012ca8                K_E_AdcSetupResultBuffer
 .text.K_V_AdcStartGroupConversion
                0x08012ce4       0x98 AppLayer.a(adc.o)
                0x08012ce4                K_V_AdcStartGroupConversion
 .text.K_V_AdcEnableGroupNotification
                0x08012d7c       0x38 AppLayer.a(adc.o)
                0x08012d7c                K_V_AdcEnableGroupNotification
 .text.K_V_Adc1ReadyIsr
                0x08012db4      0x164 AppLayer.a(adc_Irq.o)
                0x08012db4                K_V_Adc1ReadyIsr
 .text.K_V_Adc2ReadyIsr
                0x08012f18      0x170 AppLayer.a(adc_Irq.o)
                0x08012f18                K_V_Adc2ReadyIsr
 .text.K_V_Adc3ReadyIsr
                0x08013088      0x17c AppLayer.a(adc_Irq.o)
                0x08013088                K_V_Adc3ReadyIsr
 .text.KC_S16_QueuePut
                0x08013204       0x6c AppLayer.a(Queue.o)
                0x08013204                KC_S16_QueuePut
 .text.KC_S16_QueueGet
                0x08013270       0x5c AppLayer.a(Queue.o)
                0x08013270                KC_S16_QueueGet
 .text.KC_S16_QueueUnGet
                0x080132cc       0x6c AppLayer.a(Queue.o)
                0x080132cc                KC_S16_QueueUnGet
 .text.KC_U16_QueueLength
                0x08013338       0x38 AppLayer.a(Queue.o)
                0x08013338                KC_U16_QueueLength
 .text.KC_U16_QueueCapacity
                0x08013370        0x4 AppLayer.a(Queue.o)
                0x08013370                KC_U16_QueueCapacity
 .text.memcpy   0x08013374      0x15c C:\ProgramData\Danfoss\PLUS1\2024.2\Data\ExtCompiler\ARM\v4.7-2013q2\arm-none-eabi\lib\armv7-m\libg.a(lib_a-memcpy.o)
                0x08013374                memcpy
 *(.rodata)
 .rodata        0x080134d0        0x4 _NVDATA.o
                0x080134d0                _NVBITSIZE
                0x080134d2                _NVSIZE
 .rodata        0x080134d4      0x120 _DynamicDiagnostic.o
                0x080134d4                _ApplWriteRangeSize
                0x080134d8                _ApplWriteRange
                0x080134e8                _ApplDiagReadRangeSize
                0x080134ec                _ApplDiagReadRange
                0x0801350c                _ApplDiagInfo
 *(.rodata.*)
 .rodata._SysDiagReadRangeSize
                0x080135f4        0x2 diagdata.o
                0x080135f4                _SysDiagReadRangeSize
 *fill*         0x080135f6        0x2 00
 .rodata._SysDiagInfo
                0x080135f8       0x24 diagdata.o
                0x080135f8                _SysDiagInfo
 .rodata.PlgAddr
                0x0801361c        0x4 diagdata.o
                0x0801361c                PlgAddr
 .rodata.TextArray
                0x08013620      0x3b0 diagdata.o
 .rodata._SysDiagReadRange
                0x080139d0       0x20 diagdata.o
                0x080139d0                _SysDiagReadRange
 .rodata.PlgAll
                0x080139f0        0x2 diagdata.o
                0x080139f0                PlgAll
 *fill*         0x080139f2        0x2 00
 .rodata.AddressArray
                0x080139f4      0x2cc diagdata.o
 .rodata.m_KS8A_KernelString
                0x08013cc0        0x4 AppLayer.a(main.o)
 .rodata.m_KS8_OsString
                0x08013cc4        0x4 AppLayer.a(RTOS_Chibios.o)
 .rodata.str1.4
                0x08013cc8        0x5 AppLayer.a(chsys.o)
                                  0x8 (size before relaxing)
 *fill*         0x08013ccd        0x3 00
 .rodata.ch_debug
                0x08013cd0       0x18 AppLayer.a(chregistry.o)
                0x08013cd0                ch_debug
 .rodata.g_KSA_SPI1_Handle
                0x08013ce8        0x4 AppLayer.a(LG_config_MC050_110.o)
                0x08013ce8                g_KSA_SPI1_Handle
 .rodata.g_KU32A_MMIO_ReadPortAddresses
                0x08013cec        0x0 AppLayer.a(LG_config_MC050_110.o)
                0x08013cec                g_KU32A_MMIO_ReadPortAddresses
 .rodata.g_KSA_LG_DOUT4_Handle
                0x08013cec       0x14 AppLayer.a(LG_config_MC050_110.o)
                0x08013cec                g_KSA_LG_DOUT4_Handle
 .rodata.g_KU32A_PhysicalPortAddresses
                0x08013d00       0x1c AppLayer.a(LG_config_MC050_110.o)
                0x08013d00                g_KU32A_PhysicalPortAddresses
 .rodata.g_KSA_LED1_Handle
                0x08013d1c        0x4 AppLayer.a(LG_config_MC050_110.o)
                0x08013d1c                g_KSA_LED1_Handle
 .rodata.g_KSA_LG_DA1_Handle
                0x08013d20       0x20 AppLayer.a(LG_config_MC050_110.o)
                0x08013d20                g_KSA_LG_DA1_Handle
 .rodata.g_KU16_NUMBER_PHYSICAL_PORT_ADDRESSES
                0x08013d40        0x2 AppLayer.a(LG_config_MC050_110.o)
                0x08013d40                g_KU16_NUMBER_PHYSICAL_PORT_ADDRESSES
 *fill*         0x08013d42        0x2 00
 .rodata.g_KSA_SPI_ChipSelects_Handle
                0x08013d44        0x4 AppLayer.a(LG_config_MC050_110.o)
                0x08013d44                g_KSA_SPI_ChipSelects_Handle
 .rodata.g_KU32A_MMIO_WritePortAddresses
                0x08013d48        0x0 AppLayer.a(LG_config_MC050_110.o)
                0x08013d48                g_KU32A_MMIO_WritePortAddresses
 .rodata.g_KU16_NUMBER_SERIAL_IO_WRITE_PORT_ADDRESSES
                0x08013d48        0x2 AppLayer.a(LG_config_MC050_110.o)
                0x08013d48                g_KU16_NUMBER_SERIAL_IO_WRITE_PORT_ADDRESSES
 *fill*         0x08013d4a        0x2 00
 .rodata.g_KSA_VLDP_Handle
                0x08013d4c        0x4 AppLayer.a(LG_config_MC050_110.o)
                0x08013d4c                g_KSA_VLDP_Handle
 .rodata.g_KSA_AnMuxSelect_Handle
                0x08013d50        0x8 AppLayer.a(LG_config_MC050_110.o)
                0x08013d50                g_KSA_AnMuxSelect_Handle
 .rodata.g_KU16_NUMBER_MMIO_WRITE_PORT_ADDRESSES
                0x08013d58        0x2 AppLayer.a(LG_config_MC050_110.o)
                0x08013d58                g_KU16_NUMBER_MMIO_WRITE_PORT_ADDRESSES
 *fill*         0x08013d5a        0x2 00
 .rodata.g_KSA_ADC1ChannelConfig
                0x08013d5c       0x10 AppLayer.a(LG_config_MC050_110.o)
                0x08013d5c                g_KSA_ADC1ChannelConfig
 .rodata.g_KSA_LG_DAR2_Handle
                0x08013d6c       0x10 AppLayer.a(LG_config_MC050_110.o)
                0x08013d6c                g_KSA_LG_DAR2_Handle
 .rodata.g_KSA_LG_D4_Handle
                0x08013d7c       0x24 AppLayer.a(LG_config_MC050_110.o)
                0x08013d7c                g_KSA_LG_D4_Handle
 .rodata.g_KSA_LG_DAF1_Handle
                0x08013da0       0x48 AppLayer.a(LG_config_MC050_110.o)
                0x08013da0                g_KSA_LG_DAF1_Handle
 .rodata.g_KU16_NUMBER_SERIAL_IO_READ_PORT_ADDRESSES
                0x08013de8        0x2 AppLayer.a(LG_config_MC050_110.o)
                0x08013de8                g_KU16_NUMBER_SERIAL_IO_READ_PORT_ADDRESSES
 *fill*         0x08013dea        0x2 00
 .rodata.g_KSA_ADC2ChannelConfig
                0x08013dec        0xc AppLayer.a(LG_config_MC050_110.o)
                0x08013dec                g_KSA_ADC2ChannelConfig
 .rodata.g_KSA_LG_DA3_Handle
                0x08013df8        0x4 AppLayer.a(LG_config_MC050_110.o)
                0x08013df8                g_KSA_LG_DA3_Handle
 .rodata.g_KSA_LG_DOUT2_Handle
                0x08013dfc        0xc AppLayer.a(LG_config_MC050_110.o)
                0x08013dfc                g_KSA_LG_DOUT2_Handle
 .rodata.g_KSA_Current_PRI_Handle
                0x08013e08       0x64 AppLayer.a(LG_config_MC050_110.o)
                0x08013e08                g_KSA_Current_PRI_Handle
 .rodata.g_KSA_ADC3ChannelConfig
                0x08013e6c        0xc AppLayer.a(LG_config_MC050_110.o)
                0x08013e6c                g_KSA_ADC3ChannelConfig
 .rodata.g_KU16_NUMBER_MMIO_READ_PORT_ADDRESSES
                0x08013e78        0x2 AppLayer.a(LG_config_MC050_110.o)
                0x08013e78                g_KU16_NUMBER_MMIO_READ_PORT_ADDRESSES
 *fill*         0x08013e7a        0x2 00
 .rodata.g_KSA_Serial_IO_Handle
                0x08013e7c        0x4 AppLayer.a(LG_config_MC050_110.o)
                0x08013e7c                g_KSA_Serial_IO_Handle
 .rodata.g_KSA_5V_SNSR_PWR_Handle
                0x08013e80        0x4 AppLayer.a(LG_config_MC050_110.o)
                0x08013e80                g_KSA_5V_SNSR_PWR_Handle
 .rodata._SysWriteRange
                0x08013e84       0x10 AppLayer.a(datacontainer.o)
                0x08013e84                _SysWriteRange
 .rodata._SysProtectedWriteRange
                0x08013e94       0x10 AppLayer.a(datacontainer.o)
                0x08013e94                _SysProtectedWriteRange
 .rodata.g_KS_Os
                0x08013ea4       0x2c AppLayer.a(datacontainer.o)
                0x08013ea4                g_KS_Os
 .rodata._SysProtectedWriteRangeSize
                0x08013ed0        0x2 AppLayer.a(datacontainer.o)
                0x08013ed0                _SysProtectedWriteRangeSize
 *fill*         0x08013ed2        0x2 00
 .rodata._SysAllowedWriteRange
                0x08013ed4       0x10 AppLayer.a(datacontainer.o)
                0x08013ed4                _SysAllowedWriteRange
 .rodata._SysReadRange
                0x08013ee4       0x18 AppLayer.a(datacontainer.o)
                0x08013ee4                _SysReadRange
 .rodata._HexRange
                0x08013efc       0x40 AppLayer.a(datacontainer.o)
                0x08013efc                _HexRange
 .rodata._SysAllowedWriteRangeSize
                0x08013f3c        0x2 AppLayer.a(datacontainer.o)
                0x08013f3c                _SysAllowedWriteRangeSize
 .rodata._SysReadRangeSize
                0x08013f3e        0x2 AppLayer.a(datacontainer.o)
                0x08013f3e                _SysReadRangeSize
 .rodata._SysWriteRangeSize
                0x08013f40        0x2 AppLayer.a(datacontainer.o)
                0x08013f40                _SysWriteRangeSize
 *fill*         0x08013f42        0x2 00
 .rodata.str1.4
                0x08013f44        0x8 AppLayer.a(task.o)
 .rodata.m_KSA_ActiveChannelListTimer1
                0x08013f4c        0x8 AppLayer.a(DriverConfig.o)
 .rodata.m_U8A_QuadCountPairing
                0x08013f54        0x8 AppLayer.a(DriverConfig.o)
 .rodata.g_KU8_Adc2MaxMuxCnt
                0x08013f5c        0x1 AppLayer.a(DriverConfig.o)
                0x08013f5c                g_KU8_Adc2MaxMuxCnt
 *fill*         0x08013f5d        0x3 00
 .rodata.g_SA_PwmConfig
                0x08013f60        0xc AppLayer.a(DriverConfig.o)
                0x08013f60                g_SA_PwmConfig
 .rodata.g_KU8_SPI_ChipSelectEE
                0x08013f6c        0x1 AppLayer.a(DriverConfig.o)
                0x08013f6c                g_KU8_SPI_ChipSelectEE
 .rodata.g_KU8_Adc2MaxChannel
                0x08013f6d        0x1 AppLayer.a(DriverConfig.o)
                0x08013f6d                g_KU8_Adc2MaxChannel
 .rodata.g_KU8_Adc1ChMux
                0x08013f6e        0x1 AppLayer.a(DriverConfig.o)
                0x08013f6e                g_KU8_Adc1ChMux
 .rodata.g_KU8_Adc3ChMux
                0x08013f6f        0x1 AppLayer.a(DriverConfig.o)
                0x08013f6f                g_KU8_Adc3ChMux
 .rodata.g_KU8_Adc3MaxMuxCnt
                0x08013f70        0x1 AppLayer.a(DriverConfig.o)
                0x08013f70                g_KU8_Adc3MaxMuxCnt
 *fill*         0x08013f71        0x3 00
 .rodata.g_KS_IcuConfig
                0x08013f74       0x1c AppLayer.a(DriverConfig.o)
                0x08013f74                g_KS_IcuConfig
 .rodata.g_KU8_Adc2ChInUse
                0x08013f90        0x1 AppLayer.a(DriverConfig.o)
                0x08013f90                g_KU8_Adc2ChInUse
 .rodata.g_KU8_Adc2ChRepScans
                0x08013f91        0x1 AppLayer.a(DriverConfig.o)
                0x08013f91                g_KU8_Adc2ChRepScans
 .rodata.g_K_U16_DefaultFrequency
                0x08013f92        0x2 AppLayer.a(DriverConfig.o)
                0x08013f92                g_K_U16_DefaultFrequency
 .rodata.m_KSA_IcuConfig
                0x08013f94        0x8 AppLayer.a(DriverConfig.o)
 .rodata.g_KU8_Adc1ChInUse
                0x08013f9c        0x1 AppLayer.a(DriverConfig.o)
                0x08013f9c                g_KU8_Adc1ChInUse
 *fill*         0x08013f9d        0x3 00
 .rodata.m_KSA_ActiveChannelListTimer3
                0x08013fa0        0x8 AppLayer.a(DriverConfig.o)
 .rodata.m_KS_ADC1Config
                0x08013fa8       0x10 AppLayer.a(DriverConfig.o)
 .rodata.g_KU8_Adc1MaxChannel
                0x08013fb8        0x1 AppLayer.a(DriverConfig.o)
                0x08013fb8                g_KU8_Adc1MaxChannel
 *fill*         0x08013fb9        0x3 00
 .rodata.m_KSA_ActiveChannelListTimer
                0x08013fbc        0x8 AppLayer.a(DriverConfig.o)
 .rodata.m_U8A_PhaseDetectPairing
                0x08013fc4        0x8 AppLayer.a(DriverConfig.o)
 .rodata.m_KS_ADC3Config
                0x08013fcc       0x10 AppLayer.a(DriverConfig.o)
 .rodata.g_KU8_Adc2ChMux
                0x08013fdc        0x1 AppLayer.a(DriverConfig.o)
                0x08013fdc                g_KU8_Adc2ChMux
 .rodata.g_KU8_Adc1ChRepScans
                0x08013fdd        0x1 AppLayer.a(DriverConfig.o)
                0x08013fdd                g_KU8_Adc1ChRepScans
 *fill*         0x08013fde        0x2 00
 .rodata.m_KU32A_ChannelEdgeMask
                0x08013fe0       0x1c AppLayer.a(DriverConfig.o)
 .rodata.g_KS_AdcConfig
                0x08013ffc       0x20 AppLayer.a(DriverConfig.o)
                0x08013ffc                g_KS_AdcConfig
 .rodata.g_KU8_Adc3ChInUse
                0x0801401c        0x1 AppLayer.a(DriverConfig.o)
                0x0801401c                g_KU8_Adc3ChInUse
 *fill*         0x0801401d        0x3 00
 .rodata.g_KS_PwmConfig
                0x08014020        0x8 AppLayer.a(DriverConfig.o)
                0x08014020                g_KS_PwmConfig
 .rodata.g_KU8_Adc1MaxMuxCnt
                0x08014028        0x1 AppLayer.a(DriverConfig.o)
                0x08014028                g_KU8_Adc1MaxMuxCnt
 .rodata.g_KU8_MaxADChannels
                0x08014029        0x1 AppLayer.a(DriverConfig.o)
                0x08014029                g_KU8_MaxADChannels
 .rodata.g_KU8_Adc3ChRepScans
                0x0801402a        0x1 AppLayer.a(DriverConfig.o)
                0x0801402a                g_KU8_Adc3ChRepScans
 *fill*         0x0801402b        0x1 00
 .rodata.m_KS_ADC2Config
                0x0801402c       0x10 AppLayer.a(DriverConfig.o)
 .rodata.g_KpSA_IntPwr_Ptr
                0x0801403c        0xc AppLayer.a(interface.o)
                0x0801403c                g_KpSA_IntPwr_Ptr
 .rodata.g_KpSA_MC_SLAVEPtr
                0x08014048        0x8 AppLayer.a(interface.o)
                0x08014048                g_KpSA_MC_SLAVEPtr
 .rodata.g_KpSA_MFIN_DA_MC_Ptr
                0x08014050       0x10 AppLayer.a(interface.o)
                0x08014050                g_KpSA_MFIN_DA_MC_Ptr
 .rodata.g_KpSA_D_MC_InPtr
                0x08014060       0x18 AppLayer.a(interface.o)
                0x08014060                g_KpSA_D_MC_InPtr
 .rodata.g_KpSA_DAINTR_MC_Ptr
                0x08014078       0x10 AppLayer.a(interface.o)
                0x08014078                g_KpSA_DAINTR_MC_Ptr
 .rodata.g_KpSA_MFOUT_MC_Ptr
                0x08014088       0x28 AppLayer.a(interface.o)
                0x08014088                g_KpSA_MFOUT_MC_Ptr
 .rodata.g_KpSA_VldpAdInMCPtr
                0x080140b0        0x4 AppLayer.a(interface.o)
                0x080140b0                g_KpSA_VldpAdInMCPtr
 .rodata.g_KpSA_MC_GroupPtr
                0x080140b4        0x8 AppLayer.a(interface.o)
                0x080140b4                g_KpSA_MC_GroupPtr
 .rodata.g_KpSA_DAIN_MC_Ptr
                0x080140bc        0x8 AppLayer.a(interface.o)
                0x080140bc                g_KpSA_DAIN_MC_Ptr
 .rodata.g_KpSA_DOUT_MC_Ptr
                0x080140c4        0xc AppLayer.a(interface.o)
                0x080140c4                g_KpSA_DOUT_MC_Ptr
 .rodata.g_KpSA_DOUT_PVG_MC_Ptr
                0x080140d0        0xc AppLayer.a(interface.o)
                0x080140d0                g_KpSA_DOUT_PVG_MC_Ptr
 .rodata.g_KpSA_LedPtr
                0x080140dc        0x4 AppLayer.a(interface.o)
                0x080140dc                g_KpSA_LedPtr
 .rodata.g_KpSA_5VSensorPwrPtr
                0x080140e0        0x4 AppLayer.a(interface.o)
                0x080140e0                g_KpSA_5VSensorPwrPtr
 .rodata.g_KpSA_MFIN_DAF_MC_Ptr
                0x080140e4       0x18 AppLayer.a(interface.o)
                0x080140e4                g_KpSA_MFIN_DAF_MC_Ptr
 .rodata.g_KpSA_MC_MASTERPtr
                0x080140fc        0x8 AppLayer.a(interface.o)
                0x080140fc                g_KpSA_MC_MASTERPtr
 .rodata.m_KpSA_BasicCanTxQueue
                0x08014104        0x8 AppLayer.a(CAN.o)
 .rodata.m_KpSA_BasicCanRxQueue
                0x0801410c        0x8 AppLayer.a(CAN.o)
 .rodata.g_KpSA_SocketCan
                0x08014114        0x8 AppLayer.a(CAN.o)
                0x08014114                g_KpSA_SocketCan
 .rodata.m_KpS_AppHnd
                0x0801411c        0x8 AppLayer.a(KWP2kService.o)
 .rodata._id_InfoBlockRange
                0x08014124       0x20 AppLayer.a(KWP2kService.o)
                0x08014124                _id_InfoBlockRange
 .rodata._id_InfoBlockRangeSize
                0x08014144        0x2 AppLayer.a(KWP2kService.o)
                0x08014144                _id_InfoBlockRangeSize
 *fill*         0x08014146        0x2 00
 .rodata.PageAddr
                0x08014148        0x4 AppLayer.a(NVAPI.o)
 .rodata.CSWTCH.49
                0x0801414c        0xc AppLayer.a(NVAPI.o)
 .rodata._NVINTPND
                0x08014158        0x8 AppLayer.a(NVAPI.o)
 .rodata.CSWTCH.36
                0x08014160        0x8 AppLayer.a(CanSTM32f2xx.o)
 .rodata.CSWTCH.48
                0x08014168        0x8 AppLayer.a(CanSTM32f2xx.o)
 .rodata.CSWTCH.41
                0x08014170        0x8 AppLayer.a(CanSTM32f2xx.o)
 .rodata.g_S_CanSTM32f2xxDriver
                0x08014178       0x38 AppLayer.a(CanSTM32f2xx.o)
                0x08014178                g_S_CanSTM32f2xxDriver
 .rodata.CSWTCH.12
                0x080141b0        0x8 AppLayer.a(CanSTM32f2xx.o)
 .rodata.CSWTCH.15
                0x080141b8        0x8 AppLayer.a(CanSTM32f2xx.o)
 .rodata.CSWTCH.22
                0x080141c0        0x8 AppLayer.a(CanSTM32f2xx.o)
 .rodata.CSWTCH.25
                0x080141c8        0x8 AppLayer.a(CanSTM32f2xx.o)
 .rodata.CSWTCH.31
                0x080141d0        0x8 AppLayer.a(CanSTM32f2xx.o)
 .rodata._OpenSysWriteRangeSize
                0x080141d8        0x2 AppLayer.a(KWP2kApp.o)
                0x080141d8                _OpenSysWriteRangeSize
 *fill*         0x080141da        0x2 00
 .rodata._OpenSysWriteRange
                0x080141dc       0x18 AppLayer.a(KWP2kApp.o)
                0x080141dc                _OpenSysWriteRange
 .rodata._OpenSysReadRange
                0x080141f4       0x18 AppLayer.a(KWP2kApp.o)
                0x080141f4                _OpenSysReadRange
 .rodata.m_KS_KWP2kApp_OpenReadAccess
                0x0801420c       0x34 AppLayer.a(KWP2kApp.o)
 .rodata._OpenSysReadRangeSize
                0x08014240        0x2 AppLayer.a(KWP2kApp.o)
                0x08014240                _OpenSysReadRangeSize
 *fill*         0x08014242        0x2 00
 .rodata.WriteDataByExtendedAddress_InProgress
                0x08014244        0xc AppLayer.a(KWP2kApp.o)
 .rodata.CSWTCH.5
                0x08014250        0xc AppLayer.a(adc.o)
 .rodata.CSWTCH.6
                0x0801425c        0xc AppLayer.a(adc.o)
 .rodata.CSWTCH.7
                0x08014268        0xc AppLayer.a(adc.o)
 .rodata.CSWTCH.11
                0x08014274        0xc AppLayer.a(adc.o)
 .rodata.g_KU16_sizeof_Room
                0x08014280        0x2 AppLayer.a(room.o)
                0x08014280                g_KU16_sizeof_Room
 *fill*         0x08014282        0x2 00
 .rodata.g_KU8_Room
                0x08014284       0x28 AppLayer.a(room.o)
                0x08014284                g_KU8_Room
 .rodata.g_KU8_Sky
                0x080142ac       0x2c AppLayer.a(sky.o)
                0x080142ac                g_KU8_Sky
 .rodata.g_KU16_SizeOf_Sky
                0x080142d8        0x2 AppLayer.a(sky.o)
                0x080142d8                g_KU16_SizeOf_Sky
 *(.glue_7t)
 .glue_7t       0x00000000        0x0 linker stubs
 *(.glue_7)
 .glue_7        0x00000000        0x0 linker stubs
 *(.gcc*)

.vfp11_veneer   0x080142dc        0x0
 .vfp11_veneer  0x00000000        0x0 linker stubs

.v4_bx          0x080142dc        0x0
 .v4_bx         0x00000000        0x0 linker stubs

.iplt           0x080142dc        0x0
 .iplt          0x00000000        0x0 _NVDATA.o

.rel.dyn        0x080142dc        0x0
 .rel.iplt      0x00000000        0x0 _NVDATA.o

.ctors          0x080142dc        0x0
                0x080142dc                PROVIDE (_ctors_start_, .)
 *(SORT(.ctors.*))
 *(.ctors)
                0x080142dc                PROVIDE (_ctors_end_, .)

.dtors          0x080142dc        0x0
                0x080142dc                PROVIDE (_dtors_start_, .)
 *(SORT(.dtors.*))
 *(.dtors)
                0x080142dc                PROVIDE (_dtors_end_, .)

.ARM.extab
 *(.ARM.extab* .gnu.linkonce.armextab.*)
                0x080142dc                __exidx_start = .

.ARM.exidx
 *(.ARM.exidx* .gnu.linkonce.armexidx.*)
                0x080142dc                __exidx_end = .

.eh_frame_hdr
 *(.eh_frame_hdr)

.eh_frame
 *(.eh_frame)
                0x080142dc                . = ALIGN (0x4)
                0x080142dc                _sidata = .
                0x080142dc                _textdata = _sidata

.isr_vector_RAM
                0x20000000      0x400
                0x20000000                . = ALIGN (0x4)
                0x20000000                __ram_vector_table_start = .
 *(.isr_vector_RAM)
 .isr_vector_RAM
                0x20000000      0x400 AppLayer.a(vector.o)
                0x20000000                K_U32_VecTable
                0x20000400                . = ALIGN (0x4)

.SharedMemory   0x20000400       0x1c
                0x20000400                . = ALIGN (0x4)
 *(.SharedMemory)
 .SharedMemory  0x20000400       0x1c AppLayer.a(system.o)
                0x20000400                g_S_BootInfo
                0x2000041c                . = ALIGN (0x4)

.CommRAMbss     0x20000480      0xd80
                0x20000480                _CommRAMbss_start = .
                0x20000480                . = ALIGN (0x4)
 *(.CommRAMbss)
 .CommRAMbss    0x20000480      0xc80 AppLayer.a(CAN.o)
 .CommRAMbss    0x20001100      0x100 AppLayer.a(KWP2kService.o)
                0x20001200                . = ALIGN (0x4)
                0x20001200                _CommRAMbss_end = .

.AppLayerbss    0x20001200        0x0
                0x20001200                _AppLayerbss_start = .
 *AppLayer.a(.bss)
                0x20001200                . = ALIGN (0x4)
 *AppLayer.a(.bss.*)
                0x20001200                . = ALIGN (0x4)
 *AppLayer.a(COMMON)
                0x20001200                . = ALIGN (0x4)
                0x20001200                _AppLayerbss_end = .

.UserNVRAMbss   0x20001200        0x0
                0x20001200                _UserNVRAMbss_start = .
                0x20001200                . = ALIGN (0x4)
 *(.UserNVRAMbss)
                0x20001200                . = ALIGN (0x4)
                0x20001200                _UserNVRAMbss_end = .

.bss            0x20001200     0x40f8
                0x20001200                _bss_start = .
 *(.bss)
 .bss           0x20001200       0x20 MC50_110_LG_T_MC50_112T.OBJ
                0x20001220                . = ALIGN (0x4)
 *(.bss.*)
 .bss.ucActiveIsr.6615
                0x20001220        0x1 cstart.o
 .bss.m_B_DoExitDefaultHandler
                0x20001221        0x1 cstart.o
                0x20001221                m_B_DoExitDefaultHandler
 *fill*         0x20001222        0x2 00
 .bss.m_S_KernelTcb
                0x20001224       0x18 AppLayer.a(main.o)
 *fill*         0x2000123c        0x4 00
 .bss.m_SA_KernelStack
                0x20001240      0x4d0 AppLayer.a(main.o)
 .bss.m_pF_LimpModeEventFunction
                0x20001710        0x4 AppLayer.a(wdog.o)
 .bss.meHwInfoUpdateFLag
                0x20001714        0x1 AppLayer.a(unitinfo.o)
 *fill*         0x20001715        0x3 00
 .bss.msConfiguration
                0x20001718       0x28 AppLayer.a(unitinfo.o)
 .bss.m_pS_End  0x20001740        0x4 AppLayer.a(RTOS_Chibios.o)
 .bss.m_pS_Start
                0x20001744        0x4 AppLayer.a(RTOS_Chibios.o)
 .bss.OldTime_ms.7050
                0x20001748        0x4 AppLayer.a(RTOS_Chibios.o)
 *fill*         0x2000174c        0x4 00
 .bss.m_t_OsStack
                0x20001750      0x2d0 AppLayer.a(RTOS_Chibios.o)
 .bss.T10ms.7045
                0x20001a20        0x4 AppLayer.a(RTOS_Chibios.o)
 .bss.g_MicroSecSemaphore
                0x20001a24        0xc AppLayer.a(RTOS_Chibios.o)
 .bss.m_S_TCBOs
                0x20001a30       0x18 AppLayer.a(RTOS_Chibios.o)
 .bss.m_U8A_ReadBackBuffer
                0x20001a48       0x20 AppLayer.a(EEPROMdrv.o)
 .bss.m_U16_StatusEEPROM
                0x20001a68        0x2 AppLayer.a(EEPROMdrv.o)
 *fill*         0x20001a6a        0x2 00
 .bss.mainthread.4778
                0x20001a6c       0x48 AppLayer.a(chsys.o)
 .bss.endmem    0x20001ab4        0x4 AppLayer.a(chmemcore.o)
 .bss.nextmem   0x20001ab8        0x4 AppLayer.a(chmemcore.o)
 *fill*         0x20001abc        0x4 00
 .bss.default_heap
                0x20001ac0       0x20 AppLayer.a(chheap.o)
 .bss.g_KU16A_MMIO_Write_Image
                0x20001ae0        0x0 AppLayer.a(LG_config_MC050_110.o)
                0x20001ae0                g_KU16A_MMIO_Write_Image
 .bss.g_KU8A_SERIAL_IO_Read_Image
                0x20001ae0        0x0 AppLayer.a(LG_config_MC050_110.o)
                0x20001ae0                g_KU8A_SERIAL_IO_Read_Image
 .bss.g_KU16A_MMIO_Read_Image
                0x20001ae0        0x0 AppLayer.a(LG_config_MC050_110.o)
                0x20001ae0                g_KU16A_MMIO_Read_Image
 .bss.m_B_OSStart
                0x20001ae0        0x1 AppLayer.a(task.o)
 *fill*         0x20001ae1        0x3 00
 .bss.m_S_Tcb   0x20001ae4       0x18 AppLayer.a(task.o)
 .bss.m_B_CanStartUpBaudrateStoreFlag
                0x20001afc        0x1 AppLayer.a(task.o)
 *fill*         0x20001afd        0x3 00
 .bss.m_U32A_CanStartUpBaudrate
                0x20001b00        0x8 AppLayer.a(task.o)
 .bss.m_U16A_TASK1Stack
                0x20001b08     0x10d0 AppLayer.a(task.o)
 .bss.g_EA_SetDio
                0x20002bd8        0xc AppLayer.a(DriverConfig.o)
                0x20002bd8                g_EA_SetDio
 .bss.MuxStatusADC1.6689
                0x20002be4        0x2 AppLayer.a(DriverConfig.o)
 *fill*         0x20002be6        0x2 00
 .bss.m_U16A_CRCDummy
                0x20002be8       0x14 AppLayer.a(CalcProgramCrc.o)
 .bss.m_B_InitDone
                0x20002bfc        0x1 AppLayer.a(CalcProgramCrc.o)
 .bss.NumberIntCanController
                0x20002bfd        0x1 AppLayer.a(CAN.o)
 *fill*         0x20002bfe        0x2 00
 .bss.m_S_CANShadow
                0x20002c00       0x18 AppLayer.a(CAN.o)
 .bss.B_ResetReq.6843
                0x20002c18        0x4 AppLayer.a(CAN.o)
 .bss.m_S_ECUInfoBlock10
                0x20002c1c       0x14 AppLayer.a(KWP2kService.o)
 .bss.m_S_ECUInfoBlock6
                0x20002c30       0x20 AppLayer.a(KWP2kService.o)
 .bss.B_DoWriteUnitInfo
                0x20002c50        0x1 AppLayer.a(KWP2kService.o)
 *fill*         0x20002c51        0x3 00
 .bss.M_S_UnitInfoWriteBuffer
                0x20002c54       0xb4 AppLayer.a(KWP2kService.o)
 .bss.B_UnitInfoWriteInProgress
                0x20002d08        0x1 AppLayer.a(KWP2kService.o)
 *fill*         0x20002d09        0x3 00
 .bss.m_S_KWP2kSocketInitData
                0x20002d0c        0x8 AppLayer.a(KWP2kService.o)
 .bss.m_S_AppHnd0
                0x20002d14      0x388 AppLayer.a(KWP2kService.o)
 .bss.m_S_AppHnd1
                0x2000309c      0x388 AppLayer.a(KWP2kService.o)
 .bss.m_S_CanSymTxList
                0x20003424        0x8 AppLayer.a(CanSymbol.o)
 .bss.m_B_CanSymbolsAreDisabled
                0x2000342c        0x1 AppLayer.a(CanSymbol.o)
 .bss._LoopAllCanRxSymb
                0x2000342d        0x1 AppLayer.a(CanSymbol.o)
                0x2000342d                _LoopAllCanRxSymb
 *fill*         0x2000342e        0x2 00
 .bss.m_S_CanSymRxList
                0x20003430        0x8 AppLayer.a(CanSymbol.o)
 .bss.m_SA_DAFIn_Freq_Filter
                0x20003438       0x18 AppLayer.a(LG_DAF1.o)
 .bss.m_SA_DAFIn_Duty_Filter
                0x20003450       0x18 AppLayer.a(LG_DAF1.o)
 .bss.m_SA_DAFIn_Phase_Filter
                0x20003468       0x30 AppLayer.a(LG_DAF1.o)
 .bss.m_SA_DAFIn_Per_Filter
                0x20003498       0x30 AppLayer.a(LG_DAF1.o)
 .bss.m_U16_PinConfig
                0x200034c8        0x4 AppLayer.a(LG_PWM2.o)
 .bss.m_U16A_DitherFreqOld
                0x200034cc       0x14 AppLayer.a(LG_PWM2.o)
 .bss.m_U16A_DitherAmpOld
                0x200034e0       0x14 AppLayer.a(LG_PWM2.o)
 .bss.m_S32A_OldOutputValueM
                0x200034f4        0x8 AppLayer.a(LG_PWM2.o)
 .bss.m_S32A_OldOutputValueS
                0x200034fc        0x8 AppLayer.a(LG_PWM2.o)
 .bss.m_U16A_CurChgLim
                0x20003504       0x14 AppLayer.a(LG_PWM2.o)
 .bss.PendingCount
                0x20003518        0x2 AppLayer.a(NVAPI.o)
 *fill*         0x2000351a        0x2 00
 .bss.PageCS    0x2000351c        0x4 AppLayer.a(NVAPI.o)
 .bss.PageCSPos
                0x20003520        0x4 AppLayer.a(NVAPI.o)
 .bss.PendingBitMutex
                0x20003524       0x10 AppLayer.a(NVAPI.o)
 .bss.PageNr    0x20003534        0x2 AppLayer.a(NVAPI.o)
 .bss.PageChanged
                0x20003536        0x1 AppLayer.a(NVAPI.o)
 .bss.InitWriteDone.5658
                0x20003537        0x1 AppLayer.a(NVAPI.o)
 .bss.g_KpS_KpSA_ConfigPtrCopy
                0x20003538        0x4 AppLayer.a(adcComplex.o)
 *fill*         0x2000353c        0x4 00
 .bss.Rx0ThreadWorkingArea
                0x20003540      0x3d0 AppLayer.a(CanSTM32f2xx.o)
 .bss.Tx1ThreadWorkingArea
                0x20003910      0x2d0 AppLayer.a(CanSTM32f2xx.o)
 .bss.msg       0x20003be0       0xc0 AppLayer.a(CanSTM32f2xx.o)
 .bss.Rx1ThreadWorkingArea
                0x20003ca0      0x3d0 AppLayer.a(CanSTM32f2xx.o)
 .bss.tpTx1     0x20004070        0x4 AppLayer.a(CanSTM32f2xx.o)
 .bss.RxBufferCnt
                0x20004074        0x8 AppLayer.a(CanSTM32f2xx.o)
 .bss.mbRx      0x2000407c       0x50 AppLayer.a(CanSTM32f2xx.o)
 .bss.tpTx0     0x200040cc        0x4 AppLayer.a(CanSTM32f2xx.o)
 .bss.Tx0ThreadWorkingArea
                0x200040d0      0x2d0 AppLayer.a(CanSTM32f2xx.o)
 .bss.RxBuffer  0x200043a0      0x320 AppLayer.a(CanSTM32f2xx.o)
 .bss.m_U16A_NumOfDitherSamples
                0x200046c0       0x14 AppLayer.a(CurrentDriver.o)
 .bss.m_U16_TMR_SR
                0x200046d4        0x2 AppLayer.a(CurrentDriver.o)
 *fill*         0x200046d6        0x2 00
 .bss.m_U16A_MaxChangeInCmd
                0x200046d8       0x14 AppLayer.a(CurrentDriver.o)
 .bss.g_BA_SingleFetOutputMode
                0x200046ec        0xc AppLayer.a(CurrentDriver.o)
                0x200046ec                g_BA_SingleFetOutputMode
 .bss.g_U16_PwmEnable
                0x200046f8        0x2 AppLayer.a(CurrentDriver.o)
                0x200046f8                g_U16_PwmEnable
 *fill*         0x200046fa        0x2 00
 .bss.m_U16A_FdbckSamplesCounter
                0x200046fc       0x14 AppLayer.a(CurrentDriver.o)
 .bss.g_U16_FeedbackStable
                0x20004710        0x2 AppLayer.a(CurrentDriver.o)
                0x20004710                g_U16_FeedbackStable
 *fill*         0x20004712        0x2 00
 .bss.m_U32_BatterySum
                0x20004714        0x4 AppLayer.a(CurrentDriver.o)
 .bss.m_U32A_AninSum
                0x20004718       0x28 AppLayer.a(CurrentDriver.o)
 .bss.m_U16_BatteryCount
                0x20004740        0x2 AppLayer.a(CurrentDriver.o)
 .bss.bTimersInitialized
                0x20004742        0x1 AppLayer.a(iDriveInterface.o)
 *fill*         0x20004743        0x1 00
 .bss.g_U16_CurrentDriverConfig
                0x20004744        0x2 AppLayer.a(iDriveInterface.o)
                0x20004744                g_U16_CurrentDriverConfig
 .bss.m_U16_NmbMs
                0x20004746        0x2 AppLayer.a(History.o)
 .bss.m_U16_HistorySize
                0x20004748        0x2 AppLayer.a(History.o)
 .bss.m_U16_HistEntryNmb
                0x2000474a        0x2 AppLayer.a(History.o)
 .bss.m_pS_RunStruct
                0x2000474c        0x4 AppLayer.a(History.o)
 .bss.U16_ChannelCounter.6848
                0x20004750        0x2 AppLayer.a(KWP2kApp.o)
 *fill*         0x20004752        0x2 00
 .bss.m_BA_RoomIsLocked
                0x20004754        0x4 AppLayer.a(KWP2kApp.o)
 .bss.KWP2kAppReadByExtIDFuncPtr
                0x20004758        0x4 AppLayer.a(KWP2kApp.o)
 .bss.m_BA_LockTool
                0x2000475c        0x4 AppLayer.a(KWP2kApp.o)
 .bss.m_U32A_Seed2
                0x20004760        0xc AppLayer.a(KWP2kApp.o)
 .bss.m_BA_SkyIsLocked
                0x2000476c        0x4 AppLayer.a(KWP2kApp.o)
 .bss.KWP2kAppModuleIsInitialized.6813
                0x20004770        0x1 AppLayer.a(KWP2kApp.o)
 *fill*         0x20004771        0x3 00
 .bss.KWP2kAppWriteByExtIDFuncPtr
                0x20004774        0x4 AppLayer.a(KWP2kApp.o)
 .bss.m_SA_KWP2k_StorageArea
                0x20004778       0x24 AppLayer.a(KWP2kApp.o)
 .bss.m_U32A_Seed1
                0x2000479c        0xc AppLayer.a(KWP2kApp.o)
 .bss.m_S_ICUWorkingStruct
                0x200047a8        0x8 AppLayer.a(ICU.o)
 .bss.m_U32_PreviousTimeTIM1_Ch1
                0x200047b0        0x4 AppLayer.a(Icu_Irq.o)
 .bss.m_U32_PreviousTimeTIM1_Ch2
                0x200047b4        0x4 AppLayer.a(Icu_Irq.o)
 .bss.m_U32_PreviousTimeTIM1_Ch3
                0x200047b8        0x4 AppLayer.a(Icu_Irq.o)
 .bss.m_U32_PreviousTimeTIM1_Ch4
                0x200047bc        0x4 AppLayer.a(Icu_Irq.o)
 .bss.m_U16_LocalOvrflwCntTIM3_Ch1
                0x200047c0        0x2 AppLayer.a(Icu_Irq.o)
 .bss.m_U16_LocalOvrflwCntTIM3_Ch2
                0x200047c2        0x2 AppLayer.a(Icu_Irq.o)
 .bss.m_U16_LocalOvrflwCntTIM3_Ch3
                0x200047c4        0x2 AppLayer.a(Icu_Irq.o)
 .bss.m_U16_LocalOvrflwCntTIM3_Ch4
                0x200047c6        0x2 AppLayer.a(Icu_Irq.o)
 .bss.m_U16_TimerOvrflwCountTIM1
                0x200047c8        0x2 AppLayer.a(Icu_Irq.o)
 .bss.m_U16_TimerOvrflwCountTIM3
                0x200047ca        0x2 AppLayer.a(Icu_Irq.o)
 .bss.m_U32_LatestTimeTIM3_Ch1
                0x200047cc        0x4 AppLayer.a(Icu_Irq.o)
 .bss.m_U32_LatestTimeTIM3_Ch2
                0x200047d0        0x4 AppLayer.a(Icu_Irq.o)
 .bss.m_U32_LatestTimeTIM3_Ch3
                0x200047d4        0x4 AppLayer.a(Icu_Irq.o)
 .bss.m_U32_LatestTimeTIM3_Ch4
                0x200047d8        0x4 AppLayer.a(Icu_Irq.o)
 .bss.m_U32_TimerReadingTIM1_Ch1
                0x200047dc        0x4 AppLayer.a(Icu_Irq.o)
 .bss.m_U32_TimerReadingTIM1_Ch2
                0x200047e0        0x4 AppLayer.a(Icu_Irq.o)
 .bss.m_U32_TimerReadingTIM1_Ch3
                0x200047e4        0x4 AppLayer.a(Icu_Irq.o)
 .bss.m_U32_TimerReadingTIM1_Ch4
                0x200047e8        0x4 AppLayer.a(Icu_Irq.o)
 .bss.m_U16_ValidReadingCountTIM1_Ch1
                0x200047ec        0x2 AppLayer.a(Icu_Irq.o)
 .bss.m_U16_ValidReadingCountTIM1_Ch2
                0x200047ee        0x2 AppLayer.a(Icu_Irq.o)
 .bss.m_U16_ValidReadingCountTIM1_Ch3
                0x200047f0        0x2 AppLayer.a(Icu_Irq.o)
 .bss.m_U16_ValidReadingCountTIM1_Ch4
                0x200047f2        0x2 AppLayer.a(Icu_Irq.o)
 .bss.m_U32_PreviousTimeTIM3_Ch1
                0x200047f4        0x4 AppLayer.a(Icu_Irq.o)
 .bss.m_U32_PreviousTimeTIM3_Ch2
                0x200047f8        0x4 AppLayer.a(Icu_Irq.o)
 .bss.m_U32_PreviousTimeTIM3_Ch3
                0x200047fc        0x4 AppLayer.a(Icu_Irq.o)
 .bss.m_U32_TimerReadingTIM3_Ch4
                0x20004800        0x4 AppLayer.a(Icu_Irq.o)
 .bss.m_U16_LocalOvrflwCntTIM1_Ch4
                0x20004804        0x2 AppLayer.a(Icu_Irq.o)
 .bss.m_U16_LocalOvrflwCntTIM1_Ch1
                0x20004806        0x2 AppLayer.a(Icu_Irq.o)
 .bss.m_U16_LocalOvrflwCntTIM1_Ch2
                0x20004808        0x2 AppLayer.a(Icu_Irq.o)
 .bss.m_U16_LocalOvrflwCntTIM1_Ch3
                0x2000480a        0x2 AppLayer.a(Icu_Irq.o)
 .bss.m_U32_LatestTimeTIM1_Ch3
                0x2000480c        0x4 AppLayer.a(Icu_Irq.o)
 .bss.m_U32_LatestTimeTIM1_Ch4
                0x20004810        0x4 AppLayer.a(Icu_Irq.o)
 .bss.g_B_PhaseEnTIM3_Ch1
                0x20004814        0x2 AppLayer.a(Icu_Irq.o)